Component: ARM Compiler 5.06 update 6 (build 750) Tool: armlink [4d35ed]

==============================================================================

Section Cross References

    startup_stm32l073xx.o(RESET) refers to startup_stm32l073xx.o(STACK) for __initial_sp
    startup_stm32l073xx.o(RESET) refers to startup_stm32l073xx.o(.text) for Reset_Handler
    startup_stm32l073xx.o(RESET) refers to stm32l0xx_it.o(i.NMI_Handler) for NMI_Handler
    startup_stm32l073xx.o(RESET) refers to stm32l0xx_it.o(i.HardFault_Handler) for HardFault_Handler
    startup_stm32l073xx.o(RESET) refers to port.o(i.SVC_Handler) for SVC_Handler
    startup_stm32l073xx.o(RESET) refers to port.o(.emb_text) for PendSV_Handler
    startup_stm32l073xx.o(RESET) refers to port.o(i.SysTick_Handler) for SysTick_Handler
    startup_stm32l073xx.o(RESET) refers to stm32l0xx_it.o(i.TIM7_IRQHandler) for TIM7_IRQHandler
    startup_stm32l073xx.o(.text) refers to system_stm32l0xx.o(i.SystemInit) for SystemInit
    startup_stm32l073xx.o(.text) refers to entry.o(.ARM.Collect$$$$00000000) for __main
    print.o(i.printMsg) refers to printfa.o(i.__0vsprintf) for vsprintf
    print.o(i.printMsg) refers to strlen.o(.text) for strlen
    print.o(i.printMsg) refers to stm32l0xx_hal_uart.o(i.HAL_UART_Transmit) for HAL_UART_Transmit
    print.o(i.printMsg) refers to main.o(.bss) for huart2
    fonts.o(i.FONTS_GetStringSize) refers to strlen.o(.text) for strlen
    fonts.o(.data) refers to fonts.o(.constdata) for Font7x10
    fonts.o(.data) refers to fonts.o(.constdata) for Font11x18
    fonts.o(.data) refers to fonts.o(.constdata) for Font16x26
    ssd1306.o(i.SSD1306_Clear) refers to ssd1306.o(i.SSD1306_Fill) for SSD1306_Fill
    ssd1306.o(i.SSD1306_DrawCircle) refers to ssd1306.o(i.SSD1306_DrawPixel) for SSD1306_DrawPixel
    ssd1306.o(i.SSD1306_DrawFilledCircle) refers to ssd1306.o(i.SSD1306_DrawPixel) for SSD1306_DrawPixel
    ssd1306.o(i.SSD1306_DrawFilledCircle) refers to ssd1306.o(i.SSD1306_DrawLine) for SSD1306_DrawLine
    ssd1306.o(i.SSD1306_DrawFilledRectangle) refers to ssd1306.o(i.SSD1306_DrawLine) for SSD1306_DrawLine
    ssd1306.o(i.SSD1306_DrawFilledTriangle) refers to ssd1306.o(i.SSD1306_DrawLine) for SSD1306_DrawLine
    ssd1306.o(i.SSD1306_DrawLine) refers to ssd1306.o(i.SSD1306_DrawPixel) for SSD1306_DrawPixel
    ssd1306.o(i.SSD1306_DrawPixel) refers to ssd1306.o(.data) for .data
    ssd1306.o(i.SSD1306_DrawPixel) refers to ssd1306.o(.bss) for .bss
    ssd1306.o(i.SSD1306_DrawRectangle) refers to ssd1306.o(i.SSD1306_DrawLine) for SSD1306_DrawLine
    ssd1306.o(i.SSD1306_DrawTriangle) refers to ssd1306.o(i.SSD1306_DrawLine) for SSD1306_DrawLine
    ssd1306.o(i.SSD1306_Fill) refers to memseta.o(.text) for __aeabi_memset
    ssd1306.o(i.SSD1306_Fill) refers to ssd1306.o(.bss) for .bss
    ssd1306.o(i.SSD1306_GotoXY) refers to ssd1306.o(.data) for .data
    ssd1306.o(i.SSD1306_Init) refers to stm32l0xx_hal_i2c.o(i.HAL_I2C_IsDeviceReady) for HAL_I2C_IsDeviceReady
    ssd1306.o(i.SSD1306_Init) refers to ssd1306.o(i.ssd1306_I2C_Write) for ssd1306_I2C_Write
    ssd1306.o(i.SSD1306_Init) refers to ssd1306.o(i.SSD1306_Fill) for SSD1306_Fill
    ssd1306.o(i.SSD1306_Init) refers to ssd1306.o(i.SSD1306_UpdateScreen) for SSD1306_UpdateScreen
    ssd1306.o(i.SSD1306_Init) refers to main.o(.bss) for hi2c1
    ssd1306.o(i.SSD1306_Init) refers to ssd1306.o(.data) for .data
    ssd1306.o(i.SSD1306_InvertDisplay) refers to ssd1306.o(i.ssd1306_I2C_Write) for ssd1306_I2C_Write
    ssd1306.o(i.SSD1306_OFF) refers to ssd1306.o(i.ssd1306_I2C_Write) for ssd1306_I2C_Write
    ssd1306.o(i.SSD1306_ON) refers to ssd1306.o(i.ssd1306_I2C_Write) for ssd1306_I2C_Write
    ssd1306.o(i.SSD1306_Putc) refers to ssd1306.o(i.SSD1306_DrawPixel) for SSD1306_DrawPixel
    ssd1306.o(i.SSD1306_Putc) refers to ssd1306.o(.data) for .data
    ssd1306.o(i.SSD1306_Puts) refers to ssd1306.o(i.SSD1306_Putc) for SSD1306_Putc
    ssd1306.o(i.SSD1306_ScrollLeft) refers to ssd1306.o(i.ssd1306_I2C_Write) for ssd1306_I2C_Write
    ssd1306.o(i.SSD1306_ScrollRight) refers to ssd1306.o(i.ssd1306_I2C_Write) for ssd1306_I2C_Write
    ssd1306.o(i.SSD1306_Scrolldiagleft) refers to ssd1306.o(i.ssd1306_I2C_Write) for ssd1306_I2C_Write
    ssd1306.o(i.SSD1306_Scrolldiagright) refers to ssd1306.o(i.ssd1306_I2C_Write) for ssd1306_I2C_Write
    ssd1306.o(i.SSD1306_Stopscroll) refers to ssd1306.o(i.ssd1306_I2C_Write) for ssd1306_I2C_Write
    ssd1306.o(i.SSD1306_ToggleInvert) refers to ssd1306.o(.data) for .data
    ssd1306.o(i.SSD1306_ToggleInvert) refers to ssd1306.o(.bss) for .bss
    ssd1306.o(i.SSD1306_UpdateScreen) refers to ssd1306.o(i.ssd1306_I2C_Write) for ssd1306_I2C_Write
    ssd1306.o(i.SSD1306_UpdateScreen) refers to ssd1306.o(i.ssd1306_I2C_WriteMulti) for ssd1306_I2C_WriteMulti
    ssd1306.o(i.SSD1306_UpdateScreen) refers to ssd1306.o(.bss) for .bss
    ssd1306.o(i.ssd1306_I2C_Write) refers to stm32l0xx_hal_i2c.o(i.HAL_I2C_Master_Transmit) for HAL_I2C_Master_Transmit
[...]
    ..\Core\Src\stm32l0xx_it.c               0x00000000   Number         0  stm32l0xx_it.o ABSOLUTE
    ..\Core\Src\system_stm32l0xx.c           0x00000000   Number         0  system_stm32l0xx.o ABSOLUTE
    ..\Drivers\STM32L0xx_HAL_Driver\Src\stm32l0xx_hal.c 0x00000000   Number         0  stm32l0xx_hal.o ABSOLUTE
    ..\Drivers\STM32L0xx_HAL_Driver\Src\stm32l0xx_hal_cortex.c 0x00000000   Number         0  stm32l0xx_hal_cortex.o ABSOLUTE
    ..\Drivers\STM32L0xx_HAL_Driver\Src\stm32l0xx_hal_dma.c 0x00000000   Number         0  stm32l0xx_hal_dma.o ABSOLUTE
    ..\Drivers\STM32L0xx_HAL_Driver\Src\stm32l0xx_hal_flash.c 0x00000000   Number         0  stm32l0xx_hal_flash.o ABSOLUTE
    ..\Drivers\STM32L0xx_HAL_Driver\Src\stm32l0xx_hal_flash_ex.c 0x00000000   Number         0  stm32l0xx_hal_flash_ex.o ABSOLUTE
    ..\Drivers\STM32L0xx_HAL_Driver\Src\stm32l0xx_hal_flash_ramfunc.c 0x00000000   Number         0  stm32l0xx_hal_flash_ramfunc.o ABSOLUTE
    ..\Drivers\STM32L0xx_HAL_Driver\Src\stm32l0xx_hal_gpio.c 0x00000000   Number         0  stm32l0xx_hal_gpio.o ABSOLUTE
    ..\Drivers\STM32L0xx_HAL_Driver\Src\stm32l0xx_hal_i2c.c 0x00000000   Number         0  stm32l0xx_hal_i2c.o ABSOLUTE
    ..\Drivers\STM32L0xx_HAL_Driver\Src\stm32l0xx_hal_i2c_ex.c 0x00000000   Number         0  stm32l0xx_hal_i2c_ex.o ABSOLUTE
    ..\Drivers\STM32L0xx_HAL_Driver\Src\stm32l0xx_hal_pwr.c 0x00000000   Number         0  stm32l0xx_hal_pwr.o ABSOLUTE
    ..\Drivers\STM32L0xx_HAL_Driver\Src\stm32l0xx_hal_pwr_ex.c 0x00000000   Number         0  stm32l0xx_hal_pwr_ex.o ABSOLUTE
    ..\Drivers\STM32L0xx_HAL_Driver\Src\stm32l0xx_hal_rcc.c 0x00000000   Number         0  stm32l0xx_hal_rcc.o ABSOLUTE
    ..\Drivers\STM32L0xx_HAL_Driver\Src\stm32l0xx_hal_rcc_ex.c 0x00000000   Number         0  stm32l0xx_hal_rcc_ex.o ABSOLUTE
    ..\Drivers\STM32L0xx_HAL_Driver\Src\stm32l0xx_hal_rtc.c 0x00000000   Number         0  stm32l0xx_hal_rtc.o ABSOLUTE
    ..\Drivers\STM32L0xx_HAL_Driver\Src\stm32l0xx_hal_rtc_ex.c 0x00000000   Number         0  stm32l0xx_hal_rtc_ex.o ABSOLUTE
    ..\Drivers\STM32L0xx_HAL_Driver\Src\stm32l0xx_hal_tim.c 0x00000000   Number         0  stm32l0xx_hal_tim.o ABSOLUTE
    ..\Drivers\STM32L0xx_HAL_Driver\Src\stm32l0xx_hal_tim_ex.c 0x00000000   Number         0  stm32l0xx_hal_tim_ex.o ABSOLUTE
    ..\Drivers\STM32L0xx_HAL_Driver\Src\stm32l0xx_hal_uart.c 0x00000000   Number         0  stm32l0xx_hal_uart.o ABSOLUTE
    ..\Drivers\STM32L0xx_HAL_Driver\Src\stm32l0xx_hal_uart_ex.c 0x00000000   Number         0  stm32l0xx_hal_uart_ex.o ABSOLUTE
    ..\Middlewares\Third_Party\FreeRTOS\Source\CMSIS_RTOS\cmsis_os.c 0x00000000   Number         0  cmsis_os.o ABSOLUTE
    ..\Middlewares\Third_Party\FreeRTOS\Source\portable\RVDS\ARM_CM0\port.c 0x00000000   Number         0  port.o ABSOLUTE
    ..\\Core\\Src\\fonts.c                   0x00000000   Number         0  fonts.o ABSOLUTE
    ..\\Core\\Src\\print.c                   0x00000000   Number         0  print.o ABSOLUTE
    ..\\Core\\Src\\ssd1306.c                 0x00000000   Number         0  ssd1306.o ABSOLUTE
    cdrcmple.s                               0x00000000   Number         0  cdrcmple.o ABSOLUTE
    dc.s                                     0x00000000   Number         0  dc.o ABSOLUTE
    handlers.s                               0x00000000   Number         0  handlers.o ABSOLUTE
    init.s                                   0x00000000   Number         0  init.o ABSOLUTE
    startup_stm32l073xx.s                    0x00000000   Number         0  startup_stm32l073xx.o ABSOLUTE
    RESET                                    0x08000000   Section      192  startup_stm32l073xx.o(RESET)
    .ARM.Collect$$$$00000000                 0x080000c0   Section        0  entry.o(.ARM.Collect$$$$00000000)
    .ARM.Collect$$$$00000001                 0x080000c0   Section        4  entry2.o(.ARM.Collect$$$$00000001)
    .ARM.Collect$$$$00000004                 0x080000c4   Section        4  entry5.o(.ARM.Collect$$$$00000004)
    .ARM.Collect$$$$00000008                 0x080000c8   Section        0  entry7b.o(.ARM.Collect$$$$00000008)
    .ARM.Collect$$$$0000000A                 0x080000c8   Section        0  entry8b.o(.ARM.Collect$$$$0000000A)
    .ARM.Collect$$$$0000000B                 0x080000c8   Section        8  entry9a.o(.ARM.Collect$$$$0000000B)
    .ARM.Collect$$$$0000000D                 0x080000d0   Section        0  entry10a.o(.ARM.Collect$$$$0000000D)
    .ARM.Collect$$$$0000000F                 0x080000d0   Section        0  entry11a.o(.ARM.Collect$$$$0000000F)
    .ARM.Collect$$$$00002712                 0x080000d0   Section        4  entry2.o(.ARM.Collect$$$$00002712)
    __lit__00000000                          0x080000d0   Data           4  entry2.o(.ARM.Collect$$$$00002712)
    .emb_text                                0x080000d4   Section      120  port.o(.emb_text)
    .text                                    0x0800014c   Section       28  startup_stm32l073xx.o(.text)
    .text                                    0x08000168   Section        0  uidiv.o(.text)
    .text                                    0x08000194   Section        0  uldiv.o(.text)
    .text                                    0x080001f4   Section        0  memcpya.o(.text)
    .text                                    0x08000218   Section        0  memseta.o(.text)
    .text                                    0x0800023c   Section        0  strlen.o(.text)
    .text                                    0x0800024a   Section        0  llshl.o(.text)
    .text                                    0x0800026a   Section        0  llushr.o(.text)
    .text                                    0x0800028c   Section        0  dadd.o(.text)
    .text                                    0x0800028c   Section        0  iusefp.o(.text)
    .text                                    0x080003f0   Section        0  dmul.o(.text)
    .text                                    0x080004c0   Section        0  ddiv.o(.text)
    .text                                    0x080005b0   Section        0  dfixul.o(.text)
    .text                                    0x080005f0   Section       40  cdrcmple.o(.text)
    .text                                    0x08000618   Section       36  init.o(.text)
    .text                                    0x0800063c   Section        0  llsshr.o(.text)
    .text                                    0x08000662   Section        0  depilogue.o(.text)
    i.CntHandle                              0x08000720   Section        0  main.o(i.CntHandle)
    i.HAL_GPIO_Init                          0x08000768   Section        0  stm32l0xx_hal_gpio.o(i.HAL_GPIO_Init)
    i.HAL_GPIO_ReadPin                       0x080008ec   Section        0  stm32l0xx_hal_gpio.o(i.HAL_GPIO_ReadPin)
    i.HAL_GPIO_TogglePin                     0x080008f6   Section        0  stm32l0xx_hal_gpio.o(i.HAL_GPIO_TogglePin)
    i.HAL_GPIO_WritePin                      0x08000906   Section        0  stm32l0xx_hal_gpio.o(i.HAL_GPIO_WritePin)
    i.HAL_GetTick                            0x08000914   Section        0  stm32l0xx_hal.o(i.HAL_GetTick)
    i.HAL_I2CEx_ConfigAnalogFilter           0x08000920   Section        0  stm32l0xx_hal_i2c_ex.o(i.HAL_I2CEx_ConfigAnalogFilter)
    i.HAL_I2CEx_ConfigDigitalFilter          0x0800096a   Section        0  stm32l0xx_hal_i2c_ex.o(i.HAL_I2CEx_ConfigDigitalFilter)
    i.HAL_I2C_Init                           0x080009b4   Section        0  stm32l0xx_hal_i2c.o(i.HAL_I2C_Init)
    i.HAL_I2C_IsDeviceReady                  0x08000a68   Section        0  stm32l0xx_hal_i2c.o(i.HAL_I2C_IsDeviceReady)
    i.HAL_I2C_Master_Transmit                0x08000b88   Section        0  stm32l0xx_hal_i2c.o(i.HAL_I2C_Master_Transmit)
    i.HAL_I2C_MspInit                        0x08000c98   Section        0  stm32l0xx_hal_msp.o(i.HAL_I2C_MspInit)
    i.HAL_IncTick                            0x08000d1c   Section        0  stm32l0xx_hal.o(i.HAL_IncTick)
    i.HAL_Init                               0x08000d2c   Section        0  stm32l0xx_hal.o(i.HAL_Init)
    i.HAL_InitTick                           0x08000d54   Section        0  stm32l0xx_hal_timebase_tim.o(i.HAL_InitTick)
    i.HAL_MspInit                            0x08000dc4   Section        0  stm32l0xx_hal_msp.o(i.HAL_MspInit)
    i.HAL_NVIC_EnableIRQ                     0x08000ddc   Section        0  stm32l0xx_hal_cortex.o(i.HAL_NVIC_EnableIRQ)
    i.HAL_NVIC_SetPriority                   0x08000df0   Section        0  stm32l0xx_hal_cortex.o(i.HAL_NVIC_SetPriority)
    i.HAL_PWR_EnableBkUpAccess               0x08000df8   Section        0  stm32l0xx_hal_pwr.o(i.HAL_PWR_EnableBkUpAccess)
    i.HAL_RCCEx_PeriphCLKConfig              0x08000e08   Section        0  stm32l0xx_hal_rcc_ex.o(i.HAL_RCCEx_PeriphCLKConfig)
    i.HAL_RCC_ClockConfig                    0x08000fb4   Section        0  stm32l0xx_hal_rcc.o(i.HAL_RCC_ClockConfig)
    i.HAL_RCC_GetClockConfig                 0x08001120   Section        0  stm32l0xx_hal_rcc.o(i.HAL_RCC_GetClockConfig)
    i.HAL_RCC_GetPCLK1Freq                   0x08001160   Section        0  stm32l0xx_hal_rcc.o(i.HAL_RCC_GetPCLK1Freq)
    i.HAL_RCC_GetPCLK2Freq                   0x08001180   Section        0  stm32l0xx_hal_rcc.o(i.HAL_RCC_GetPCLK2Freq)
    i.HAL_RCC_GetSysClockFreq                0x080011a0   Section        0  stm32l0xx_hal_rcc.o(i.HAL_RCC_GetSysClockFreq)
    i.HAL_RCC_OscConfig                      0x08001218   Section        0  stm32l0xx_hal_rcc.o(i.HAL_RCC_OscConfig)
    i.HAL_RTC_GetDate                        0x080016ae   Section        0  stm32l0xx_hal_rtc.o(i.HAL_RTC_GetDate)
    i.HAL_RTC_GetTime                        0x080016f4   Section        0  stm32l0xx_hal_rtc.o(i.HAL_RTC_GetTime)
    i.HAL_RTC_Init                           0x08001750   Section        0  stm32l0xx_hal_rtc.o(i.HAL_RTC_Init)
    i.HAL_RTC_MspInit                        0x0800180c   Section        0  stm32l0xx_hal_msp.o(i.HAL_RTC_MspInit)
    i.HAL_RTC_SetDate                        0x0800182c   Section        0  stm32l0xx_hal_rtc.o(i.HAL_RTC_SetDate)
    i.HAL_RTC_SetTime                        0x080018f0   Section        0  stm32l0xx_hal_rtc.o(i.HAL_RTC_SetTime)
    i.HAL_RTC_WaitForSynchro                 0x080019d8   Section        0  stm32l0xx_hal_rtc.o(i.HAL_RTC_WaitForSynchro)
    i.HAL_TIM_Base_Init                      0x08001a0c   Section        0  stm32l0xx_hal_tim.o(i.HAL_TIM_Base_Init)
    i.HAL_TIM_Base_MspInit                   0x08001a40   Section        0  stm32l0xx_hal_tim.o(i.HAL_TIM_Base_MspInit)
    i.HAL_TIM_Base_Start_IT                  0x08001a42   Section        0  stm32l0xx_hal_tim.o(i.HAL_TIM_Base_Start_IT)
    i.HAL_TIM_IC_CaptureCallback             0x08001a62   Section        0  stm32l0xx_hal_tim.o(i.HAL_TIM_IC_CaptureCallback)
    i.HAL_TIM_IRQHandler                     0x08001a64   Section        0  stm32l0xx_hal_tim.o(i.HAL_TIM_IRQHandler)
    i.HAL_TIM_OC_DelayElapsedCallback        0x08001b8a   Section        0  stm32l0xx_hal_tim.o(i.HAL_TIM_OC_DelayElapsedCallback)
    i.HAL_TIM_PWM_PulseFinishedCallback      0x08001b8c   Section        0  stm32l0xx_hal_tim.o(i.HAL_TIM_PWM_PulseFinishedCallback)
    i.HAL_TIM_PeriodElapsedCallback          0x08001b90   Section        0  main.o(i.HAL_TIM_PeriodElapsedCallback)
    i.HAL_TIM_TriggerCallback                0x08001ba4   Section        0  stm32l0xx_hal_tim.o(i.HAL_TIM_TriggerCallback)
    i.HAL_UART_Init                          0x08001ba6   Section        0  stm32l0xx_hal_uart.o(i.HAL_UART_Init)
    i.HAL_UART_MspInit                       0x08001c10   Section        0  stm32l0xx_hal_msp.o(i.HAL_UART_MspInit)
    i.HAL_UART_Transmit                      0x08001c6c   Section        0  stm32l0xx_hal_uart.o(i.HAL_UART_Transmit)
    i.HardFault_Handler                      0x08001d3a   Section        0  stm32l0xx_it.o(i.HardFault_Handler)
    i.I2C_Flush_TXDR                         0x08001d3c   Section        0  stm32l0xx_hal_i2c.o(i.I2C_Flush_TXDR)
    I2C_Flush_TXDR                           0x08001d3d   Thumb Code    34  stm32l0xx_hal_i2c.o(i.I2C_Flush_TXDR)
    i.I2C_IsAcknowledgeFailed                0x08001d60   Section        0  stm32l0xx_hal_i2c.o(i.I2C_IsAcknowledgeFailed)
    I2C_IsAcknowledgeFailed                  0x08001d61   Thumb Code   108  stm32l0xx_hal_i2c.o(i.I2C_IsAcknowledgeFailed)
    i.I2C_TransferConfig                     0x08001dd0   Section        0  stm32l0xx_hal_i2c.o(i.I2C_TransferConfig)
    I2C_TransferConfig                       0x08001dd1   Thumb Code    34  stm32l0xx_hal_i2c.o(i.I2C_TransferConfig)
    i.I2C_WaitOnFlagUntilTimeout             0x08001df8   Section        0  stm32l0xx_hal_i2c.o(i.I2C_WaitOnFlagUntilTimeout)
    I2C_WaitOnFlagUntilTimeout               0x08001df9   Thumb Code    78  stm32l0xx_hal_i2c.o(i.I2C_WaitOnFlagUntilTimeout)
    i.I2C_WaitOnSTOPFlagUntilTimeout         0x08001e46   Section        0  stm32l0xx_hal_i2c.o(i.I2C_WaitOnSTOPFlagUntilTimeout)
    I2C_WaitOnSTOPFlagUntilTimeout           0x08001e47   Thumb Code    76  stm32l0xx_hal_i2c.o(i.I2C_WaitOnSTOPFlagUntilTimeout)
    i.I2C_WaitOnTXISFlagUntilTimeout         0x08001e92   Section        0  stm32l0xx_hal_i2c.o(i.I2C_WaitOnTXISFlagUntilTimeout)
    I2C_WaitOnTXISFlagUntilTimeout           0x08001e93   Thumb Code    80  stm32l0xx_hal_i2c.o(i.I2C_WaitOnTXISFlagUntilTimeout)
    i.MX_GPIO_Init                           0x08001ee4   Section        0  main.o(i.MX_GPIO_Init)
    MX_GPIO_Init                             0x08001ee5   Thumb Code   122  main.o(i.MX_GPIO_Init)
    i.MX_I2C1_Init                           0x08001f68   Section        0  main.o(i.MX_I2C1_Init)
    MX_I2C1_Init                             0x08001f69   Thumb Code    52  main.o(i.MX_I2C1_Init)
    i.MX_I2C2_Init                           0x08001fa8   Section        0  main.o(i.MX_I2C2_Init)
    MX_I2C2_Init                             0x08001fa9   Thumb Code    52  main.o(i.MX_I2C2_Init)
    i.MX_RTC_Init                            0x08001fe8   Section        0  main.o(i.MX_RTC_Init)
    MX_RTC_Init                              0x08001fe9   Thumb Code   100  main.o(i.MX_RTC_Init)
    i.MX_USART2_UART_Init                    0x08002054   Section        0  main.o(i.MX_USART2_UART_Init)
    MX_USART2_UART_Init                      0x08002055   Thumb Code    40  main.o(i.MX_USART2_UART_Init)
    i.NMI_Handler                            0x08002084   Section        0  stm32l0xx_it.o(i.NMI_Handler)
    i.NVIC_SetPriority                       0x08002088   Section        0  stm32l0xx_hal_cortex.o(i.NVIC_SetPriority)
    NVIC_SetPriority                         0x08002089   Thumb Code    60  stm32l0xx_hal_cortex.o(i.NVIC_SetPriority)
    i.OLED_Handler                           0x080020cc   Section        0  main.o(i.OLED_Handler)
    i.RTC_Bcd2ToByte                         0x08002170   Section        0  stm32l0xx_hal_rtc.o(i.RTC_Bcd2ToByte)
    i.RTC_ByteToBcd2                         0x08002180   Section        0  stm32l0xx_hal_rtc.o(i.RTC_ByteToBcd2)
    i.RTC_EnterInitMode                      0x08002198   Section        0  stm32l0xx_hal_rtc.o(i.RTC_EnterInitMode)
    i.SSD1306_Clear                          0x080021d0   Section        0  ssd1306.o(i.SSD1306_Clear)
    i.SSD1306_DrawPixel                      0x080021dc   Section        0  ssd1306.o(i.SSD1306_DrawPixel)
    i.SSD1306_Fill                           0x08002220   Section        0  ssd1306.o(i.SSD1306_Fill)
    i.SSD1306_GotoXY                         0x0800223c   Section        0  ssd1306.o(i.SSD1306_GotoXY)
    i.SSD1306_Init                           0x08002248   Section        0  ssd1306.o(i.SSD1306_Init)
    i.SSD1306_Putc                           0x080023bc   Section        0  ssd1306.o(i.SSD1306_Putc)
    i.SSD1306_Puts                           0x0800244c   Section        0  ssd1306.o(i.SSD1306_Puts)
    i.SSD1306_UpdateScreen                   0x08002474   Section        0  ssd1306.o(i.SSD1306_UpdateScreen)
    i.SVC_Handler                            0x080024b8   Section        0  port.o(i.SVC_Handler)
    i.StartDefaultTask                       0x080024ba   Section        0  main.o(i.StartDefaultTask)
    i.SysTick_Handler                        0x080024c4   Section        0  port.o(i.SysTick_Handler)
    i.SystemClock_Config                     0x080024e8   Section        0  main.o(i.SystemClock_Config)
    i.SystemInit                             0x08002580   Section        0  system_stm32l0xx.o(i.SystemInit)
    i.TIM7_IRQHandler                        0x080025d4   Section        0  stm32l0xx_it.o(i.TIM7_IRQHandler)
    i.TIM_Base_SetConfig                     0x080025e4   Section        0  stm32l0xx_hal_tim.o(i.TIM_Base_SetConfig)
    TIM_Base_SetConfig                       0x080025e5   Thumb Code    90  stm32l0xx_hal_tim.o(i.TIM_Base_SetConfig)
    i.UART_AdvFeatureConfig                  0x0800264c   Section        0  stm32l0xx_hal_uart.o(i.UART_AdvFeatureConfig)
    i.UART_CheckIdleState                    0x08002718   Section        0  stm32l0xx_hal_uart.o(i.UART_CheckIdleState)
    i.UART_SetConfig                         0x08002778   Section        0  stm32l0xx_hal_uart.o(i.UART_SetConfig)
    i.UART_WaitOnFlagUntilTimeout            0x080029b4   Section        0  stm32l0xx_hal_uart.o(i.UART_WaitOnFlagUntilTimeout)
    i.__0sprintf                             0x08002a18   Section        0  printfa.o(i.__0sprintf)
    i.__0vsprintf                            0x08002a40   Section        0  printfa.o(i.__0vsprintf)
    i.__ARM_clz                              0x08002a64   Section        0  depilogue.o(i.__ARM_clz)
    i.__ARM_common_switch8                   0x08002a92   Section        0  stm32l0xx_hal_dma.o(i.__ARM_common_switch8)
    i.__scatterload_copy                     0x08002aac   Section       14  handlers.o(i.__scatterload_copy)
    i.__scatterload_null                     0x08002aba   Section        2  handlers.o(i.__scatterload_null)
    i.__scatterload_zeroinit                 0x08002abc   Section       14  handlers.o(i.__scatterload_zeroinit)
    i._fp_digits                             0x08002acc   Section        0  printfa.o(i._fp_digits)
    _fp_digits                               0x08002acd   Thumb Code   344  printfa.o(i._fp_digits)
    i._printf_core                           0x08002c40   Section        0  printfa.o(i._printf_core)
    _printf_core                             0x08002c41   Thumb Code  1754  printfa.o(i._printf_core)
    i._printf_post_padding                   0x0800332c   Section        0  printfa.o(i._printf_post_padding)
    _printf_post_padding                     0x0800332d   Thumb Code    32  printfa.o(i._printf_post_padding)
    i._printf_pre_padding                    0x0800334c   Section        0  printfa.o(i._printf_pre_padding)
    _printf_pre_padding                      0x0800334d   Thumb Code    44  printfa.o(i._printf_pre_padding)
    i._sputc                                 0x08003378   Section        0  printfa.o(i._sputc)
    _sputc                                   0x08003379   Thumb Code    10  printfa.o(i._sputc)
    i.clock                                  0x08003384   Section        0  main.o(i.clock)
    clock                                    0x08003385   Thumb Code   224  main.o(i.clock)
    i.inHandlerMode                          0x080034cc   Section        0  cmsis_os.o(i.inHandlerMode)
    inHandlerMode                            0x080034cd   Thumb Code    12  cmsis_os.o(i.inHandlerMode)
    i.ledOFF                                 0x080034d8   Section        0  main.o(i.ledOFF)
    i.ledOn                                  0x08003510   Section        0  main.o(i.ledOn)
    i.main                                   0x08003548   Section        0  main.o(i.main)
    i.makeFreeRtosPriority                   0x0800360c   Section        0  cmsis_os.o(i.makeFreeRtosPriority)
    makeFreeRtosPriority                     0x0800360d   Thumb Code    12  cmsis_os.o(i.makeFreeRtosPriority)
    i.osDelay                                0x08003618   Section        0  cmsis_os.o(i.osDelay)
    i.osKernelStart                          0x08003628   Section        0  cmsis_os.o(i.osKernelStart)
    i.osMessageCreate                        0x08003632   Section        0  cmsis_os.o(i.osMessageCreate)
    i.osMessageGet                           0x0800365c   Section        0  cmsis_os.o(i.osMessageGet)
    i.osMessagePut                           0x080036e8   Section        0  cmsis_os.o(i.osMessagePut)
    i.osSemaphoreCreate                      0x08003740   Section        0  cmsis_os.o(i.osSemaphoreCreate)
    i.osThreadCreate                         0x08003780   Section        0  cmsis_os.o(i.osThreadCreate)
    i.printMsg                               0x080037d8   Section        0  print.o(i.printMsg)
    i.prvAddCurrentTaskToDelayedList         0x08003808   Section        0  tasks.o(i.prvAddCurrentTaskToDelayedList)
    prvAddCurrentTaskToDelayedList           0x08003809   Thumb Code    78  tasks.o(i.prvAddCurrentTaskToDelayedList)
    i.prvAddNewTaskToReadyList               0x08003860   Section        0  tasks.o(i.prvAddNewTaskToReadyList)
    prvAddNewTaskToReadyList                 0x08003861   Thumb Code   176  tasks.o(i.prvAddNewTaskToReadyList)
    i.prvCopyDataFromQueue                   0x08003918   Section        0  queue.o(i.prvCopyDataFromQueue)
    prvCopyDataFromQueue                     0x08003919   Thumb Code    38  queue.o(i.prvCopyDataFromQueue)
    i.prvCopyDataToQueue                     0x0800393e   Section        0  queue.o(i.prvCopyDataToQueue)
    prvCopyDataToQueue                       0x0800393f   Thumb Code   112  queue.o(i.prvCopyDataToQueue)
    i.prvDeleteTCB                           0x080039ae   Section        0  tasks.o(i.prvDeleteTCB)
    prvDeleteTCB                             0x080039af   Thumb Code    38  tasks.o(i.prvDeleteTCB)
    i.prvHeapInit                            0x080039d4   Section        0  heap_4.o(i.prvHeapInit)
    prvHeapInit                              0x080039d5   Thumb Code    60  heap_4.o(i.prvHeapInit)
    i.prvIdleTask                            0x08003a18   Section        0  tasks.o(i.prvIdleTask)
    prvIdleTask                              0x08003a19   Thumb Code    64  tasks.o(i.prvIdleTask)
    i.prvInitialiseNewQueue                  0x08003a60   Section        0  queue.o(i.prvInitialiseNewQueue)
    prvInitialiseNewQueue                    0x08003a61   Thumb Code    28  queue.o(i.prvInitialiseNewQueue)
    i.prvInitialiseNewTask                   0x08003a7c   Section        0  tasks.o(i.prvInitialiseNewTask)
    prvInitialiseNewTask                     0x08003a7d   Thumb Code   124  tasks.o(i.prvInitialiseNewTask)
    i.prvInsertBlockIntoFreeList             0x08003af8   Section        0  heap_4.o(i.prvInsertBlockIntoFreeList)
    prvInsertBlockIntoFreeList               0x08003af9   Thumb Code    72  heap_4.o(i.prvInsertBlockIntoFreeList)
    i.prvIsQueueEmpty                        0x08003b44   Section        0  queue.o(i.prvIsQueueEmpty)
    prvIsQueueEmpty                          0x08003b45   Thumb Code    28  queue.o(i.prvIsQueueEmpty)
    i.prvResetNextTaskUnblockTime            0x08003b60   Section        0  tasks.o(i.prvResetNextTaskUnblockTime)
    prvResetNextTaskUnblockTime              0x08003b61   Thumb Code    28  tasks.o(i.prvResetNextTaskUnblockTime)
    i.prvTaskExitError                       0x08003b80   Section        0  port.o(i.prvTaskExitError)
    prvTaskExitError                         0x08003b81   Thumb Code    14  port.o(i.prvTaskExitError)
    i.prvUnlockQueue                         0x08003b94   Section        0  queue.o(i.prvUnlockQueue)
    prvUnlockQueue                           0x08003b95   Thumb Code   112  queue.o(i.prvUnlockQueue)
    i.pvPortMalloc                           0x08003c04   Section        0  heap_4.o(i.pvPortMalloc)
    i.pvTaskIncrementMutexHeldCount          0x08003cb4   Section        0  tasks.o(i.pvTaskIncrementMutexHeldCount)
    i.pxPortInitialiseStack                  0x08003ccc   Section        0  port.o(i.pxPortInitialiseStack)
    i.ssd1306_I2C_Write                      0x08003cec   Section        0  ssd1306.o(i.ssd1306_I2C_Write)
    i.ssd1306_I2C_WriteMulti                 0x08003d0c   Section        0  ssd1306.o(i.ssd1306_I2C_WriteMulti)
    i.uxListRemove                           0x08003d44   Section        0  list.o(i.uxListRemove)
    i.vApplicationGetIdleTaskMemory          0x08003d6c   Section        0  freertos.o(i.vApplicationGetIdleTaskMemory)
    i.vListInitialise                        0x08003d80   Section        0  list.o(i.vListInitialise)
    i.vListInitialiseItem                    0x08003d96   Section        0  list.o(i.vListInitialiseItem)
    i.vListInsert                            0x08003d9c   Section        0  list.o(i.vListInsert)
    i.vListInsertEnd                         0x08003dcc   Section        0  list.o(i.vListInsertEnd)
    i.vPortEnterCritical                     0x08003de4   Section        0  port.o(i.vPortEnterCritical)
    i.vPortExitCritical                      0x08003dfc   Section        0  port.o(i.vPortExitCritical)
    i.vPortFree                              0x08003e18   Section        0  heap_4.o(i.vPortFree)
    i.vPortYield                             0x08003e5c   Section        0  port.o(i.vPortYield)
    i.vTaskDelay                             0x08003e74   Section        0  tasks.o(i.vTaskDelay)
    i.vTaskInternalSetTimeOutState           0x08003ea4   Section        0  tasks.o(i.vTaskInternalSetTimeOutState)
    i.vTaskMissedYield                       0x08003eb4   Section        0  tasks.o(i.vTaskMissedYield)
    i.vTaskPlaceOnEventList                  0x08003ec0   Section        0  tasks.o(i.vTaskPlaceOnEventList)
    i.vTaskPriorityDisinheritAfterTimeout    0x08003ee4   Section        0  tasks.o(i.vTaskPriorityDisinheritAfterTimeout)
    i.vTaskStartScheduler                    0x08003f54   Section        0  tasks.o(i.vTaskStartScheduler)
    i.vTaskSuspendAll                        0x08003fac   Section        0  tasks.o(i.vTaskSuspendAll)
    i.vTaskSwitchContext                     0x08003fbc   Section        0  tasks.o(i.vTaskSwitchContext)
    i.xPortStartScheduler                    0x08004014   Section        0  port.o(i.xPortStartScheduler)
    i.xQueueGenericCreate                    0x08004064   Section        0  queue.o(i.xQueueGenericCreate)
    i.xQueueGenericCreateStatic              0x080040a0   Section        0  queue.o(i.xQueueGenericCreateStatic)
    i.xQueueGenericReset                     0x080040e0   Section        0  queue.o(i.xQueueGenericReset)
    i.xQueueGenericSend                      0x0800414c   Section        0  queue.o(i.xQueueGenericSend)
    i.xQueueGenericSendFromISR               0x08004264   Section        0  queue.o(i.xQueueGenericSendFromISR)
    i.xQueueReceive                          0x080042f0   Section        0  queue.o(i.xQueueReceive)
    i.xQueueReceiveFromISR                   0x080043f2   Section        0  queue.o(i.xQueueReceiveFromISR)
    i.xQueueSemaphoreTake                    0x0800446a   Section        0  queue.o(i.xQueueSemaphoreTake)
    i.xTaskCheckForTimeOut                   0x080045ac   Section        0  tasks.o(i.xTaskCheckForTimeOut)
    i.xTaskCreate                            0x08004608   Section        0  tasks.o(i.xTaskCreate)
    i.xTaskCreateStatic                      0x0800465a   Section        0  tasks.o(i.xTaskCreateStatic)
    i.xTaskGetSchedulerState                 0x080046a0   Section        0  tasks.o(i.xTaskGetSchedulerState)
    i.xTaskIncrementTick                     0x080046c0   Section        0  tasks.o(i.xTaskIncrementTick)
    i.xTaskPriorityDisinherit                0x0800477c   Section        0  tasks.o(i.xTaskPriorityDisinherit)
    i.xTaskPriorityInherit                   0x080047e4   Section        0  tasks.o(i.xTaskPriorityInherit)
    i.xTaskRemoveFromEventList               0x0800485c   Section        0  tasks.o(i.xTaskRemoveFromEventList)
    i.xTaskResumeAll                         0x080048c0   Section        0  tasks.o(i.xTaskResumeAll)
    .constdata                               0x0800496c   Section     1900  fonts.o(.constdata)
    .constdata                               0x080050d8   Section     3420  fonts.o(.constdata)
    .constdata                               0x08005e34   Section     4940  fonts.o(.constdata)
    .constdata                               0x08007180   Section      156  main.o(.constdata)
    .constdata                               0x0800721c   Section       25  system_stm32l0xx.o(.constdata)
    .constdata                               0x08007235   Section        8  system_stm32l0xx.o(.constdata)
    .conststring                             0x08007240   Section       48  main.o(.conststring)
    .data                                    0x20000000   Section        8  fonts.o(.data)
    .data                                    0x20000008   Section        8  fonts.o(.data)
    .data                                    0x20000010   Section        8  fonts.o(.data)
    .data                                    0x20000018   Section        6  ssd1306.o(.data)
    SSD1306                                  0x20000018   Data           6  ssd1306.o(.data)
    .data                                    0x20000020   Section       36  main.o(.data)
    .data                                    0x20000044   Section       12  stm32l0xx_hal.o(.data)
    .data                                    0x20000050   Section        4  system_stm32l0xx.o(.data)
    .data                                    0x20000054   Section       60  tasks.o(.data)
    pxDelayedTaskList                        0x20000058   Data           4  tasks.o(.data)
    pxOverflowDelayedTaskList                0x2000005c   Data           4  tasks.o(.data)
    uxDeletedTasksWaitingCleanUp             0x20000060   Data           4  tasks.o(.data)
    uxCurrentNumberOfTasks                   0x20000064   Data           4  tasks.o(.data)
    xTickCount                               0x20000068   Data           4  tasks.o(.data)
    uxTopReadyPriority                       0x2000006c   Data           4  tasks.o(.data)
    xSchedulerRunning                        0x20000070   Data           4  tasks.o(.data)
    uxPendedTicks                            0x20000074   Data           4  tasks.o(.data)
    xYieldPending                            0x20000078   Data           4  tasks.o(.data)
    xNumOfOverflows                          0x2000007c   Data           4  tasks.o(.data)
    uxTaskNumber                             0x20000080   Data           4  tasks.o(.data)
    xNextTaskUnblockTime                     0x20000084   Data           4  tasks.o(.data)
    xIdleTaskHandle                          0x20000088   Data           4  tasks.o(.data)
    uxSchedulerSuspended                     0x2000008c   Data           4  tasks.o(.data)
    .data                                    0x20000090   Section       24  heap_4.o(.data)
    pxEnd                                    0x20000090   Data           4  heap_4.o(.data)
    xFreeBytesRemaining                      0x20000094   Data           4  heap_4.o(.data)
    xMinimumEverFreeBytesRemaining           0x20000098   Data           4  heap_4.o(.data)
    xBlockAllocatedBit                       0x2000009c   Data           4  heap_4.o(.data)
    xStart                                   0x200000a0   Data           8  heap_4.o(.data)
    .data                                    0x200000a8   Section        4  port.o(.data)
    uxCriticalNesting                        0x200000a8   Data           4  port.o(.data)
    .bss                                     0x200000ac   Section     1024  ssd1306.o(.bss)
    SSD1306_Buffer                           0x200000ac   Data        1024  ssd1306.o(.bss)
    .bss                                     0x200004ac   Section      336  main.o(.bss)
    .bss                                     0x200005fc   Section      596  freertos.o(.bss)
    xIdleTaskTCBBuffer                       0x200005fc   Data          84  freertos.o(.bss)
    xIdleStack                               0x20000650   Data         512  freertos.o(.bss)
    .bss                                     0x20000850   Section       60  stm32l0xx_hal_timebase_tim.o(.bss)
    .bss                                     0x2000088c   Section      240  tasks.o(.bss)
    pxReadyTasksLists                        0x2000088c   Data         140  tasks.o(.bss)
    xDelayedTaskList1                        0x20000918   Data          20  tasks.o(.bss)
    xDelayedTaskList2                        0x2000092c   Data          20  tasks.o(.bss)
    xPendingReadyList                        0x20000940   Data          20  tasks.o(.bss)
    xTasksWaitingTermination                 0x20000954   Data          20  tasks.o(.bss)
    xSuspendedTaskList                       0x20000968   Data          20  tasks.o(.bss)
    .bss                                     0x2000097c   Section     4096  heap_4.o(.bss)
    ucHeap                                   0x2000097c   Data        4096  heap_4.o(.bss)
    STACK                                    0x20001980   Section     1024  startup_stm32l073xx.o(STACK)

    Global Symbols

    Symbol Name                              Value     Ov Type        Size  Object(Section)

    BuildAttributes$$THM_ISAv3M$S$PE$A:L22$X:L11$S22$IEEE1$IW$USESV6$~STKCKD$USESV7$~SHL$OSPACE$ROPI$EBA8$MICROLIB$REQ8$PRES8$EABIv2 0x00000000   Number         0  anon$$obj.o ABSOLUTE
    __ARM_use_no_argv                        0x00000000   Number         0  main.o ABSOLUTE
    _printf_a                                0x00000000   Number         0  stubs.o ABSOLUTE
    _printf_c                                0x00000000   Number         0  stubs.o ABSOLUTE
    _printf_charcount                        0x00000000   Number         0  stubs.o ABSOLUTE
    _printf_d                                0x00000000   Number         0  stubs.o ABSOLUTE
    _printf_e                                0x00000000   Number         0  stubs.o ABSOLUTE
    _printf_f                                0x00000000   Number         0  stubs.o ABSOLUTE
    _printf_flags                            0x00000000   Number         0  stubs.o ABSOLUTE
    _printf_fp_dec                           0x00000000   Number         0  stubs.o ABSOLUTE
    _printf_fp_hex                           0x00000000   Number         0  stubs.o ABSOLUTE
    _printf_g                                0x00000000   Number         0  stubs.o ABSOLUTE
    _printf_i                                0x00000000   Number         0  stubs.o ABSOLUTE
    _printf_int_dec                          0x00000000   Number         0  stubs.o ABSOLUTE
    _printf_l                                0x00000000   Number         0  stubs.o ABSOLUTE
    _printf_lc                               0x00000000   Number         0  stubs.o ABSOLUTE
    _printf_ll                               0x00000000   Number         0  stubs.o ABSOLUTE
    _printf_lld                              0x00000000   Number         0  stubs.o ABSOLUTE
    _printf_lli                              0x00000000   Number         0  stubs.o ABSOLUTE
    _printf_llo                              0x00000000   Number         0  stubs.o ABSOLUTE
    _printf_llu                              0x00000000   Number         0  stubs.o ABSOLUTE
    _printf_llx                              0x00000000   Number         0  stubs.o ABSOLUTE
    _printf_longlong_dec                     0x00000000   Number         0  stubs.o ABSOLUTE
    _printf_longlong_hex                     0x00000000   Number         0  stubs.o ABSOLUTE
    _printf_longlong_oct                     0x00000000   Number         0  stubs.o ABSOLUTE
    _printf_ls                               0x00000000   Number         0  stubs.o ABSOLUTE
    _printf_mbtowc                           0x00000000   Number         0  stubs.o ABSOLUTE
    _printf_n                                0x00000000   Number         0  stubs.o ABSOLUTE
    _printf_o                                0x00000000   Number         0  stubs.o ABSOLUTE
    _printf_p                                0x00000000   Number         0  stubs.o ABSOLUTE
    _printf_percent                          0x00000000   Number         0  stubs.o ABSOLUTE
    _printf_pre_padding                      0x00000000   Number         0  stubs.o ABSOLUTE
    _printf_return_value                     0x00000000   Number         0  stubs.o ABSOLUTE
    _printf_s                                0x00000000   Number         0  stubs.o ABSOLUTE
    _printf_sizespec                         0x00000000   Number         0  stubs.o ABSOLUTE
    _printf_str                              0x00000000   Number         0  stubs.o ABSOLUTE
    _printf_truncate_signed                  0x00000000   Number         0  stubs.o ABSOLUTE
    _printf_truncate_unsigned                0x00000000   Number         0  stubs.o ABSOLUTE
    _printf_u                                0x00000000   Number         0  stubs.o ABSOLUTE
    _printf_wc                               0x00000000   Number         0  stubs.o ABSOLUTE
    _printf_wctomb                           0x00000000   Number         0  stubs.o ABSOLUTE
    _printf_widthprec                        0x00000000   Number         0  stubs.o ABSOLUTE
    _printf_x                                0x00000000   Number         0  stubs.o ABSOLUTE
    __cpp_initialize__aeabi_                  - Undefined Weak Reference
    __cxa_finalize                            - Undefined Weak Reference
    __decompress                              - Undefined Weak Reference
    _clock_init                               - Undefined Weak Reference
    _microlib_exit                            - Undefined Weak Reference
    __Vectors_Size                           0x000000c0   Number         0  startup_stm32l073xx.o ABSOLUTE
    __Vectors                                0x08000000   Data           4  startup_stm32l073xx.o(RESET)
    __Vectors_End                            0x080000c0   Data           0  startup_stm32l073xx.o(RESET)
    __main                                   0x080000c1   Thumb Code     0  entry.o(.ARM.Collect$$$$00000000)
    _main_stk                                0x080000c1   Thumb Code     0  entry2.o(.ARM.Collect$$$$00000001)
    _main_scatterload                        0x080000c5   Thumb Code     0  entry5.o(.ARM.Collect$$$$00000004)
    __main_after_scatterload                 0x080000c9   Thumb Code     0  entry5.o(.ARM.Collect$$$$00000004)
    _main_clock                              0x080000c9   Thumb Code     0  entry7b.o(.ARM.Collect$$$$00000008)
    _main_cpp_init                           0x080000c9   Thumb Code     0  entry8b.o(.ARM.Collect$$$$0000000A)
    _main_init                               0x080000c9   Thumb Code     0  entry9a.o(.ARM.Collect$$$$0000000B)
    __rt_final_cpp                           0x080000d1   Thumb Code     0  entry10a.o(.ARM.Collect$$$$0000000D)
    __rt_final_exit                          0x080000d1   Thumb Code     0  entry11a.o(.ARM.Collect$$$$0000000F)
    __asm___6_port_c_39a90d8d__prvPortStartFirstTask 0x080000d5   Thumb Code    36  port.o(.emb_text)
    ulSetInterruptMaskFromISR                0x080000fd   Thumb Code     8  port.o(.emb_text)
    vClearInterruptMaskFromISR               0x08000105   Thumb Code     6  port.o(.emb_text)
    PendSV_Handler                           0x0800010b   Thumb Code    62  port.o(.emb_text)
    Reset_Handler                            0x0800014d   Thumb Code     8  startup_stm32l073xx.o(.text)
    ADC1_COMP_IRQHandler                     0x0800015f   Thumb Code     0  startup_stm32l073xx.o(.text)
    DMA1_Channel1_IRQHandler                 0x0800015f   Thumb Code     0  startup_stm32l073xx.o(.text)
    DMA1_Channel2_3_IRQHandler               0x0800015f   Thumb Code     0  startup_stm32l073xx.o(.text)
    DMA1_Channel4_5_6_7_IRQHandler           0x0800015f   Thumb Code     0  startup_stm32l073xx.o(.text)
    EXTI0_1_IRQHandler                       0x0800015f   Thumb Code     0  startup_stm32l073xx.o(.text)
    EXTI2_3_IRQHandler                       0x0800015f   Thumb Code     0  startup_stm32l073xx.o(.text)
    EXTI4_15_IRQHandler                      0x0800015f   Thumb Code     0  startup_stm32l073xx.o(.text)
    FLASH_IRQHandler                         0x0800015f   Thumb Code     0  startup_stm32l073xx.o(.text)
    I2C1_IRQHandler                          0x0800015f   Thumb Code     0  startup_stm32l073xx.o(.text)
    I2C2_IRQHandler                          0x0800015f   Thumb Code     0  startup_stm32l073xx.o(.text)
    I2C3_IRQHandler                          0x0800015f   Thumb Code     0  startup_stm32l073xx.o(.text)
    LCD_IRQHandler                           0x0800015f   Thumb Code     0  startup_stm32l073xx.o(.text)
    LPTIM1_IRQHandler                        0x0800015f   Thumb Code     0  startup_stm32l073xx.o(.text)
    PVD_IRQHandler                           0x0800015f   Thumb Code     0  startup_stm32l073xx.o(.text)
    RCC_CRS_IRQHandler                       0x0800015f   Thumb Code     0  startup_stm32l073xx.o(.text)
    RNG_LPUART1_IRQHandler                   0x0800015f   Thumb Code     0  startup_stm32l073xx.o(.text)
    RTC_IRQHandler                           0x0800015f   Thumb Code     0  startup_stm32l073xx.o(.text)
    SPI1_IRQHandler                          0x0800015f   Thumb Code     0  startup_stm32l073xx.o(.text)
    SPI2_IRQHandler                          0x0800015f   Thumb Code     0  startup_stm32l073xx.o(.text)
    TIM21_IRQHandler                         0x0800015f   Thumb Code     0  startup_stm32l073xx.o(.text)
    TIM22_IRQHandler                         0x0800015f   Thumb Code     0  startup_stm32l073xx.o(.text)
    TIM2_IRQHandler                          0x0800015f   Thumb Code     0  startup_stm32l073xx.o(.text)
    TIM3_IRQHandler                          0x0800015f   Thumb Code     0  startup_stm32l073xx.o(.text)
    TIM6_DAC_IRQHandler                      0x0800015f   Thumb Code     0  startup_stm32l073xx.o(.text)
    TSC_IRQHandler                           0x0800015f   Thumb Code     0  startup_stm32l073xx.o(.text)
    USART1_IRQHandler                        0x0800015f   Thumb Code     0  startup_stm32l073xx.o(.text)
    USART2_IRQHandler                        0x0800015f   Thumb Code     0  startup_stm32l073xx.o(.text)
    USART4_5_IRQHandler                      0x0800015f   Thumb Code     0  startup_stm32l073xx.o(.text)
    USB_IRQHandler                           0x0800015f   Thumb Code     0  startup_stm32l073xx.o(.text)
    WWDG_IRQHandler                          0x0800015f   Thumb Code     0  startup_stm32l073xx.o(.text)
    __aeabi_uidiv                            0x08000169   Thumb Code     0  uidiv.o(.text)
    __aeabi_uidivmod                         0x08000169   Thumb Code    44  uidiv.o(.text)
    __aeabi_uldivmod                         0x08000195   Thumb Code    96  uldiv.o(.text)
    __aeabi_memcpy                           0x080001f5   Thumb Code    36  memcpya.o(.text)
    __aeabi_memcpy4                          0x080001f5   Thumb Code     0  memcpya.o(.text)
    __aeabi_memcpy8                          0x080001f5   Thumb Code     0  memcpya.o(.text)
    __aeabi_memset                           0x08000219   Thumb Code    14  memseta.o(.text)
    __aeabi_memset4                          0x08000219   Thumb Code     0  memseta.o(.text)
    __aeabi_memset8                          0x08000219   Thumb Code     0  memseta.o(.text)
    __aeabi_memclr                           0x08000227   Thumb Code     4  memseta.o(.text)
    __aeabi_memclr4                          0x08000227   Thumb Code     0  memseta.o(.text)
    __aeabi_memclr8                          0x08000227   Thumb Code     0  memseta.o(.text)
    memset                                   0x0800022b   Thumb Code    18  memseta.o(.text)
    strlen                                   0x0800023d   Thumb Code    14  strlen.o(.text)
    __aeabi_llsl                             0x0800024b   Thumb Code    32  llshl.o(.text)
    _ll_shift_l                              0x0800024b   Thumb Code     0  llshl.o(.text)
    __aeabi_llsr                             0x0800026b   Thumb Code    34  llushr.o(.text)
    _ll_ushift_r                             0x0800026b   Thumb Code     0  llushr.o(.text)
    __I$use$fp                               0x0800028d   Thumb Code     0  iusefp.o(.text)
    __aeabi_dadd                             0x0800028d   Thumb Code   328  dadd.o(.text)
    __aeabi_dsub                             0x080003d5   Thumb Code    12  dadd.o(.text)
    __aeabi_drsub                            0x080003e1   Thumb Code    12  dadd.o(.text)
    __aeabi_dmul                             0x080003f1   Thumb Code   202  dmul.o(.text)
    __aeabi_ddiv                             0x080004c1   Thumb Code   234  ddiv.o(.text)
    __aeabi_d2ulz                            0x080005b1   Thumb Code    54  dfixul.o(.text)
    __aeabi_cdrcmple                         0x080005f1   Thumb Code    38  cdrcmple.o(.text)
    __scatterload                            0x08000619   Thumb Code    28  init.o(.text)
    __scatterload_rt2                        0x08000619   Thumb Code     0  init.o(.text)
    __aeabi_lasr                             0x0800063d   Thumb Code    38  llsshr.o(.text)
    _ll_sshift_r                             0x0800063d   Thumb Code     0  llsshr.o(.text)
    _double_round                            0x08000663   Thumb Code    26  depilogue.o(.text)
    _double_epilogue                         0x0800067d   Thumb Code   164  depilogue.o(.text)
    CntHandle                                0x08000721   Thumb Code    64  main.o(i.CntHandle)
    HAL_GPIO_Init                            0x08000769   Thumb Code   356  stm32l0xx_hal_gpio.o(i.HAL_GPIO_Init)
    HAL_GPIO_ReadPin                         0x080008ed   Thumb Code    10  stm32l0xx_hal_gpio.o(i.HAL_GPIO_ReadPin)
    HAL_GPIO_TogglePin                       0x080008f7   Thumb Code    16  stm32l0xx_hal_gpio.o(i.HAL_GPIO_TogglePin)
    HAL_GPIO_WritePin                        0x08000907   Thumb Code    12  stm32l0xx_hal_gpio.o(i.HAL_GPIO_WritePin)
    HAL_GetTick                              0x08000915   Thumb Code     6  stm32l0xx_hal.o(i.HAL_GetTick)
    HAL_I2CEx_ConfigAnalogFilter             0x08000921   Thumb Code    74  stm32l0xx_hal_i2c_ex.o(i.HAL_I2CEx_ConfigAnalogFilter)
    HAL_I2CEx_ConfigDigitalFilter            0x0800096b   Thumb Code    72  stm32l0xx_hal_i2c_ex.o(i.HAL_I2CEx_ConfigDigitalFilter)
    HAL_I2C_Init                             0x080009b5   Thumb Code   176  stm32l0xx_hal_i2c.o(i.HAL_I2C_Init)
    HAL_I2C_IsDeviceReady                    0x08000a69   Thumb Code   282  stm32l0xx_hal_i2c.o(i.HAL_I2C_IsDeviceReady)
    HAL_I2C_Master_Transmit                  0x08000b89   Thumb Code   262  stm32l0xx_hal_i2c.o(i.HAL_I2C_Master_Transmit)
    HAL_I2C_MspInit                          0x08000c99   Thumb Code   116  stm32l0xx_hal_msp.o(i.HAL_I2C_MspInit)
    HAL_IncTick                              0x08000d1d   Thumb Code    12  stm32l0xx_hal.o(i.HAL_IncTick)
    HAL_Init                                 0x08000d2d   Thumb Code    36  stm32l0xx_hal.o(i.HAL_Init)
    HAL_InitTick                             0x08000d55   Thumb Code    92  stm32l0xx_hal_timebase_tim.o(i.HAL_InitTick)
    HAL_MspInit                              0x08000dc5   Thumb Code    20  stm32l0xx_hal_msp.o(i.HAL_MspInit)
    HAL_NVIC_EnableIRQ                       0x08000ddd   Thumb Code    14  stm32l0xx_hal_cortex.o(i.HAL_NVIC_EnableIRQ)
    HAL_NVIC_SetPriority                     0x08000df1   Thumb Code     8  stm32l0xx_hal_cortex.o(i.HAL_NVIC_SetPriority)
    HAL_PWR_EnableBkUpAccess                 0x08000df9   Thumb Code    12  stm32l0xx_hal_pwr.o(i.HAL_PWR_EnableBkUpAccess)
    HAL_RCCEx_PeriphCLKConfig                0x08000e09   Thumb Code   416  stm32l0xx_hal_rcc_ex.o(i.HAL_RCCEx_PeriphCLKConfig)
    HAL_RCC_ClockConfig                      0x08000fb5   Thumb Code   344  stm32l0xx_hal_rcc.o(i.HAL_RCC_ClockConfig)
    HAL_RCC_GetClockConfig                   0x08001121   Thumb Code    54  stm32l0xx_hal_rcc.o(i.HAL_RCC_GetClockConfig)
    HAL_RCC_GetPCLK1Freq                     0x08001161   Thumb Code    20  stm32l0xx_hal_rcc.o(i.HAL_RCC_GetPCLK1Freq)
    HAL_RCC_GetPCLK2Freq                     0x08001181   Thumb Code    20  stm32l0xx_hal_rcc.o(i.HAL_RCC_GetPCLK2Freq)
    HAL_RCC_GetSysClockFreq                  0x080011a1   Thumb Code   100  stm32l0xx_hal_rcc.o(i.HAL_RCC_GetSysClockFreq)
    HAL_RCC_OscConfig                        0x08001219   Thumb Code  1174  stm32l0xx_hal_rcc.o(i.HAL_RCC_OscConfig)
    HAL_RTC_GetDate                          0x080016af   Thumb Code    68  stm32l0xx_hal_rtc.o(i.HAL_RTC_GetDate)
    HAL_RTC_GetTime                          0x080016f5   Thumb Code    88  stm32l0xx_hal_rtc.o(i.HAL_RTC_GetTime)
    HAL_RTC_Init                             0x08001751   Thumb Code   184  stm32l0xx_hal_rtc.o(i.HAL_RTC_Init)
    HAL_RTC_MspInit                          0x0800180d   Thumb Code    22  stm32l0xx_hal_msp.o(i.HAL_RTC_MspInit)
    HAL_RTC_SetDate                          0x0800182d   Thumb Code   190  stm32l0xx_hal_rtc.o(i.HAL_RTC_SetDate)
    HAL_RTC_SetTime                          0x080018f1   Thumb Code   228  stm32l0xx_hal_rtc.o(i.HAL_RTC_SetTime)
    HAL_RTC_WaitForSynchro                   0x080019d9   Thumb Code    52  stm32l0xx_hal_rtc.o(i.HAL_RTC_WaitForSynchro)
    HAL_TIM_Base_Init                        0x08001a0d   Thumb Code    52  stm32l0xx_hal_tim.o(i.HAL_TIM_Base_Init)
    HAL_TIM_Base_MspInit                     0x08001a41   Thumb Code     2  stm32l0xx_hal_tim.o(i.HAL_TIM_Base_MspInit)
    HAL_TIM_Base_Start_IT                    0x08001a43   Thumb Code    32  stm32l0xx_hal_tim.o(i.HAL_TIM_Base_Start_IT)
    HAL_TIM_IC_CaptureCallback               0x08001a63   Thumb Code     2  stm32l0xx_hal_tim.o(i.HAL_TIM_IC_CaptureCallback)
    HAL_TIM_IRQHandler                       0x08001a65   Thumb Code   294  stm32l0xx_hal_tim.o(i.HAL_TIM_IRQHandler)
    HAL_TIM_OC_DelayElapsedCallback          0x08001b8b   Thumb Code     2  stm32l0xx_hal_tim.o(i.HAL_TIM_OC_DelayElapsedCallback)
    HAL_TIM_PWM_PulseFinishedCallback        0x08001b8d   Thumb Code     2  stm32l0xx_hal_tim.o(i.HAL_TIM_PWM_PulseFinishedCallback)
    HAL_TIM_PeriodElapsedCallback            0x08001b91   Thumb Code    16  main.o(i.HAL_TIM_PeriodElapsedCallback)
    HAL_TIM_TriggerCallback                  0x08001ba5   Thumb Code     2  stm32l0xx_hal_tim.o(i.HAL_TIM_TriggerCallback)
    HAL_UART_Init                            0x08001ba7   Thumb Code   106  stm32l0xx_hal_uart.o(i.HAL_UART_Init)
    HAL_UART_MspInit                         0x08001c11   Thumb Code    82  stm32l0xx_hal_msp.o(i.HAL_UART_MspInit)
    HAL_UART_Transmit                        0x08001c6d   Thumb Code   206  stm32l0xx_hal_uart.o(i.HAL_UART_Transmit)
    HardFault_Handler                        0x08001d3b   Thumb Code     2  stm32l0xx_it.o(i.HardFault_Handler)
    NMI_Handler                              0x08002085   Thumb Code     2  stm32l0xx_it.o(i.NMI_Handler)
    OLED_Handler                             0x080020cd   Thumb Code   114  main.o(i.OLED_Handler)
    RTC_Bcd2ToByte                           0x08002171   Thumb Code    16  stm32l0xx_hal_rtc.o(i.RTC_Bcd2ToByte)
    RTC_ByteToBcd2                           0x08002181   Thumb Code    24  stm32l0xx_hal_rtc.o(i.RTC_ByteToBcd2)
    RTC_EnterInitMode                        0x08002199   Thumb Code    56  stm32l0xx_hal_rtc.o(i.RTC_EnterInitMode)
    SSD1306_Clear                            0x080021d1   Thumb Code    10  ssd1306.o(i.SSD1306_Clear)
    SSD1306_DrawPixel                        0x080021dd   Thumb Code    58  ssd1306.o(i.SSD1306_DrawPixel)
    SSD1306_Fill                             0x08002221   Thumb Code    24  ssd1306.o(i.SSD1306_Fill)
    SSD1306_GotoXY                           0x0800223d   Thumb Code     8  ssd1306.o(i.SSD1306_GotoXY)
    SSD1306_Init                             0x08002249   Thumb Code   350  ssd1306.o(i.SSD1306_Init)
    SSD1306_Putc                             0x080023bd   Thumb Code   138  ssd1306.o(i.SSD1306_Putc)
    SSD1306_Puts                             0x0800244d   Thumb Code    40  ssd1306.o(i.SSD1306_Puts)
    SSD1306_UpdateScreen                     0x08002475   Thumb Code    64  ssd1306.o(i.SSD1306_UpdateScreen)
    SVC_Handler                              0x080024b9   Thumb Code     2  port.o(i.SVC_Handler)
    StartDefaultTask                         0x080024bb   Thumb Code     8  main.o(i.StartDefaultTask)
    SysTick_Handler                          0x080024c5   Thumb Code    32  port.o(i.SysTick_Handler)
    SystemClock_Config                       0x080024e9   Thumb Code   144  main.o(i.SystemClock_Config)
    SystemInit                               0x08002581   Thumb Code    66  system_stm32l0xx.o(i.SystemInit)
    TIM7_IRQHandler                          0x080025d5   Thumb Code    10  stm32l0xx_it.o(i.TIM7_IRQHandler)
    UART_AdvFeatureConfig                    0x0800264d   Thumb Code   202  stm32l0xx_hal_uart.o(i.UART_AdvFeatureConfig)
    UART_CheckIdleState                      0x08002719   Thumb Code    90  stm32l0xx_hal_uart.o(i.UART_CheckIdleState)
    UART_SetConfig                           0x08002779   Thumb Code   518  stm32l0xx_hal_uart.o(i.UART_SetConfig)
    UART_WaitOnFlagUntilTimeout              0x080029b5   Thumb Code    98  stm32l0xx_hal_uart.o(i.UART_WaitOnFlagUntilTimeout)
    __0sprintf                               0x08002a19   Thumb Code    36  printfa.o(i.__0sprintf)
    __1sprintf                               0x08002a19   Thumb Code     0  printfa.o(i.__0sprintf)
    __2sprintf                               0x08002a19   Thumb Code     0  printfa.o(i.__0sprintf)
    __c89sprintf                             0x08002a19   Thumb Code     0  printfa.o(i.__0sprintf)
    sprintf                                  0x08002a19   Thumb Code     0  printfa.o(i.__0sprintf)
    __0vsprintf                              0x08002a41   Thumb Code    30  printfa.o(i.__0vsprintf)
    __1vsprintf                              0x08002a41   Thumb Code     0  printfa.o(i.__0vsprintf)
    __2vsprintf                              0x08002a41   Thumb Code     0  printfa.o(i.__0vsprintf)
    __c89vsprintf                            0x08002a41   Thumb Code     0  printfa.o(i.__0vsprintf)
    vsprintf                                 0x08002a41   Thumb Code     0  printfa.o(i.__0vsprintf)
    __ARM_clz                                0x08002a65   Thumb Code    46  depilogue.o(i.__ARM_clz)
    __ARM_common_switch8                     0x08002a93   Thumb Code    26  stm32l0xx_hal_dma.o(i.__ARM_common_switch8)
    __scatterload_copy                       0x08002aad   Thumb Code    14  handlers.o(i.__scatterload_copy)
    __scatterload_null                       0x08002abb   Thumb Code     2  handlers.o(i.__scatterload_null)
    __scatterload_zeroinit                   0x08002abd   Thumb Code    14  handlers.o(i.__scatterload_zeroinit)
    ledOFF                                   0x080034d9   Thumb Code    50  main.o(i.ledOFF)
    ledOn                                    0x08003511   Thumb Code    50  main.o(i.ledOn)
    main                                     0x08003549   Thumb Code   188  main.o(i.main)
    osDelay                                  0x08003619   Thumb Code    16  cmsis_os.o(i.osDelay)
    osKernelStart                            0x08003629   Thumb Code    10  cmsis_os.o(i.osKernelStart)
    osMessageCreate                          0x08003633   Thumb Code    40  cmsis_os.o(i.osMessageCreate)
    osMessageGet                             0x0800365d   Thumb Code   136  cmsis_os.o(i.osMessageGet)
    osMessagePut                             0x080036e9   Thumb Code    82  cmsis_os.o(i.osMessagePut)
    osSemaphoreCreate                        0x08003741   Thumb Code    64  cmsis_os.o(i.osSemaphoreCreate)
    osThreadCreate                           0x08003781   Thumb Code    88  cmsis_os.o(i.osThreadCreate)
    printMsg                                 0x080037d9   Thumb Code    44  print.o(i.printMsg)
    pvPortMalloc                             0x08003c05   Thumb Code   172  heap_4.o(i.pvPortMalloc)
    pvTaskIncrementMutexHeldCount            0x08003cb5   Thumb Code    20  tasks.o(i.pvTaskIncrementMutexHeldCount)
    pxPortInitialiseStack                    0x08003ccd   Thumb Code    28  port.o(i.pxPortInitialiseStack)
    ssd1306_I2C_Write                        0x08003ced   Thumb Code    26  ssd1306.o(i.ssd1306_I2C_Write)
    ssd1306_I2C_WriteMulti                   0x08003d0d   Thumb Code    50  ssd1306.o(i.ssd1306_I2C_WriteMulti)
    uxListRemove                             0x08003d45   Thumb Code    38  list.o(i.uxListRemove)
    vApplicationGetIdleTaskMemory            0x08003d6d   Thumb Code    16  freertos.o(i.vApplicationGetIdleTaskMemory)
    vListInitialise                          0x08003d81   Thumb Code    22  list.o(i.vListInitialise)
    vListInitialiseItem                      0x08003d97   Thumb Code     6  list.o(i.vListInitialiseItem)
    vListInsert                              0x08003d9d   Thumb Code    48  list.o(i.vListInsert)
    vListInsertEnd                           0x08003dcd   Thumb Code    24  list.o(i.vListInsertEnd)
    vPortEnterCritical                       0x08003de5   Thumb Code    20  port.o(i.vPortEnterCritical)
    vPortExitCritical                        0x08003dfd   Thumb Code    22  port.o(i.vPortExitCritical)
    vPortFree                                0x08003e19   Thumb Code    62  heap_4.o(i.vPortFree)
    vPortYield                               0x08003e5d   Thumb Code    18  port.o(i.vPortYield)
    vTaskDelay                               0x08003e75   Thumb Code    44  tasks.o(i.vTaskDelay)
    vTaskInternalSetTimeOutState             0x08003ea5   Thumb Code    12  tasks.o(i.vTaskInternalSetTimeOutState)
    vTaskMissedYield                         0x08003eb5   Thumb Code     8  tasks.o(i.vTaskMissedYield)
    vTaskPlaceOnEventList                    0x08003ec1   Thumb Code    32  tasks.o(i.vTaskPlaceOnEventList)
    vTaskPriorityDisinheritAfterTimeout      0x08003ee5   Thumb Code   104  tasks.o(i.vTaskPriorityDisinheritAfterTimeout)
    vTaskStartScheduler                      0x08003f55   Thumb Code    72  tasks.o(i.vTaskStartScheduler)
    vTaskSuspendAll                          0x08003fad   Thumb Code    10  tasks.o(i.vTaskSuspendAll)
    vTaskSwitchContext                       0x08003fbd   Thumb Code    78  tasks.o(i.vTaskSwitchContext)
    xPortStartScheduler                      0x08004015   Thumb Code    62  port.o(i.xPortStartScheduler)
    xQueueGenericCreate                      0x08004065   Thumb Code    60  queue.o(i.xQueueGenericCreate)
    xQueueGenericCreateStatic                0x080040a1   Thumb Code    64  queue.o(i.xQueueGenericCreateStatic)
    xQueueGenericReset                       0x080040e1   Thumb Code   108  queue.o(i.xQueueGenericReset)
    xQueueGenericSend                        0x0800414d   Thumb Code   280  queue.o(i.xQueueGenericSend)
    xQueueGenericSendFromISR                 0x08004265   Thumb Code   140  queue.o(i.xQueueGenericSendFromISR)
    xQueueReceive                            0x080042f1   Thumb Code   258  queue.o(i.xQueueReceive)
    xQueueReceiveFromISR                     0x080043f3   Thumb Code   120  queue.o(i.xQueueReceiveFromISR)
    xQueueSemaphoreTake                      0x0800446b   Thumb Code   320  queue.o(i.xQueueSemaphoreTake)
    xTaskCheckForTimeOut                     0x080045ad   Thumb Code    86  tasks.o(i.xTaskCheckForTimeOut)
    xTaskCreate                              0x08004609   Thumb Code    82  tasks.o(i.xTaskCreate)
    xTaskCreateStatic                        0x0800465b   Thumb Code    68  tasks.o(i.xTaskCreateStatic)
    xTaskGetSchedulerState                   0x080046a1   Thumb Code    26  tasks.o(i.xTaskGetSchedulerState)
    xTaskIncrementTick                       0x080046c1   Thumb Code   180  tasks.o(i.xTaskIncrementTick)
    xTaskPriorityDisinherit                  0x0800477d   Thumb Code    96  tasks.o(i.xTaskPriorityDisinherit)
    xTaskPriorityInherit                     0x080047e5   Thumb Code   110  tasks.o(i.xTaskPriorityInherit)
    xTaskRemoveFromEventList                 0x0800485d   Thumb Code    90  tasks.o(i.xTaskRemoveFromEventList)
    xTaskResumeAll                           0x080048c1   Thumb Code   164  tasks.o(i.xTaskResumeAll)
    Font7x10                                 0x0800496c   Data        1900  fonts.o(.constdata)
    Font11x18                                0x080050d8   Data        3420  fonts.o(.constdata)
    Font16x26                                0x08005e34   Data        4940  fonts.o(.constdata)
    AHBPrescTable                            0x0800721c   Data          16  system_stm32l0xx.o(.constdata)
    PLLMulTable                              0x0800722c   Data           9  system_stm32l0xx.o(.constdata)
    APBPrescTable                            0x08007235   Data           8  system_stm32l0xx.o(.constdata)
    Region$$Table$$Base                      0x08007270   Number         0  anon$$obj.o(Region$$Table)
    Region$$Table$$Limit                     0x08007290   Number         0  anon$$obj.o(Region$$Table)
    Font_7x10                                0x20000000   Data           8  fonts.o(.data)
    Font_11x18                               0x20000008   Data           8  fonts.o(.data)
    Font_16x26                               0x20000010   Data           8  fonts.o(.data)
    toggle                                   0x20000020   Data           1  main.o(.data)
    defaultTaskHandle                        0x20000024   Data           4  main.o(.data)
    CounterHandle                            0x20000028   Data           4  main.o(.data)
    OLED_DriverHandle                        0x2000002c   Data           4  main.o(.data)
    led_onHandle                             0x20000030   Data           4  main.o(.data)
    led_offHandle                            0x20000034   Data           4  main.o(.data)
    Cnt_QueueHandle                          0x20000038   Data           4  main.o(.data)
    semHandle                                0x2000003c   Data           4  main.o(.data)
    gDate                                    0x20000040   Data           4  main.o(.data)
    uwTickFreq                               0x20000044   Data           1  stm32l0xx_hal.o(.data)
    uwTickPrio                               0x20000048   Data           4  stm32l0xx_hal.o(.data)
    uwTick                                   0x2000004c   Data           4  stm32l0xx_hal.o(.data)
    SystemCoreClock                          0x20000050   Data           4  system_stm32l0xx.o(.data)
    pxCurrentTCB                             0x20000054   Data           4  tasks.o(.data)
    hi2c1                                    0x200004ac   Data          76  main.o(.bss)
    hi2c2                                    0x200004f8   Data          76  main.o(.bss)
    hrtc                                     0x20000544   Data          36  main.o(.bss)
    huart2                                   0x20000568   Data         128  main.o(.bss)
    gTime                                    0x200005e8   Data          20  main.o(.bss)
    htim7                                    0x20000850   Data          60  stm32l0xx_hal_timebase_tim.o(.bss)
    __initial_sp                             0x20001d80   Data           0  startup_stm32l073xx.o(STACK)



==============================================================================

Memory Map of the image

  Image Entry point : 0x080000c1

  Load Region LR_IROM1 (Base: 0x08000000, Size: 0x0000733c, Max: 0x00030000, ABSOLUTE)

    Execution Region ER_IROM1 (Exec base: 0x08000000, Load base: 0x08000000, Size: 0x00007290, Max: 0x00030000, ABSOLUTE)

    Exec Addr    Load Addr    Size         Type   Attr      Idx    E Section Name        Object

    0x08000000   0x08000000   0x000000c0   Data   RO            3    RESET               startup_stm32l073xx.o
    0x080000c0   0x080000c0   0x00000000   Code   RO         5171  * .ARM.Collect$$$$00000000  mc_p.l(entry.o)
    0x080000c0   0x080000c0   0x00000004   Code   RO         5449    .ARM.Collect$$$$00000001  mc_p.l(entry2.o)
    0x080000c4   0x080000c4   0x00000004   Code   RO         5452    .ARM.Collect$$$$00000004  mc_p.l(entry5.o)
    0x080000c8   0x080000c8   0x00000000   Code   RO         5454    .ARM.Collect$$$$00000008  mc_p.l(entry7b.o)
    0x080000c8   0x080000c8   0x00000000   Code   RO         5456    .ARM.Collect$$$$0000000A  mc_p.l(entry8b.o)
    0x080000c8   0x080000c8   0x00000008   Code   RO         5457    .ARM.Collect$$$$0000000B  mc_p.l(entry9a.o)
    0x080000d0   0x080000d0   0x00000000   Code   RO         5459    .ARM.Collect$$$$0000000D  mc_p.l(entry10a.o)
    0x080000d0   0x080000d0   0x00000000   Code   RO         5461    .ARM.Collect$$$$0000000F  mc_p.l(entry11a.o)
    0x080000d0   0x080000d0   0x00000004   Code   RO         5450    .ARM.Collect$$$$00002712  mc_p.l(entry2.o)
    0x080000d4   0x080000d4   0x00000078   Code   RO         5106    .emb_text           port.o
    0x0800014c   0x0800014c   0x0000001c   Code   RO            4    .text               startup_stm32l073xx.o
    0x08000168   0x08000168   0x0000002c   Code   RO         5174    .text               mc_p.l(uidiv.o)
    0x08000194   0x08000194   0x00000060   Code   RO         5176    .text               mc_p.l(uldiv.o)
    0x080001f4   0x080001f4   0x00000024   Code   RO         5178    .text               mc_p.l(memcpya.o)
    0x08000218   0x08000218   0x00000024   Code   RO         5182    .text               mc_p.l(memseta.o)
    0x0800023c   0x0800023c   0x0000000e   Code   RO         5184    .text               mc_p.l(strlen.o)
    0x0800024a   0x0800024a   0x00000020   Code   RO         5466    .text               mc_p.l(llshl.o)
    0x0800026a   0x0800026a   0x00000022   Code   RO         5468    .text               mc_p.l(llushr.o)
    0x0800028c   0x0800028c   0x00000000   Code   RO         5470    .text               mc_p.l(iusefp.o)
    0x0800028c   0x0800028c   0x00000164   Code   RO         5471    .text               mf_p.l(dadd.o)
    0x080003f0   0x080003f0   0x000000d0   Code   RO         5473    .text               mf_p.l(dmul.o)
    0x080004c0   0x080004c0   0x000000f0   Code   RO         5475    .text               mf_p.l(ddiv.o)
    0x080005b0   0x080005b0   0x00000040   Code   RO         5477    .text               mf_p.l(dfixul.o)
    0x080005f0   0x080005f0   0x00000028   Code   RO         5479    .text               mf_p.l(cdrcmple.o)
    0x08000618   0x08000618   0x00000024   Code   RO         5481    .text               mc_p.l(init.o)
    0x0800063c   0x0800063c   0x00000026   Code   RO         5484    .text               mc_p.l(llsshr.o)
    0x08000662   0x08000662   0x000000be   Code   RO         5487    .text               mf_p.l(depilogue.o)
    0x08000720   0x08000720   0x00000048   Code   RO          373    i.CntHandle         main.o
    0x08000768   0x08000768   0x00000184   Code   RO         2019    i.HAL_GPIO_Init     stm32l0xx_hal_gpio.o
    0x080008ec   0x080008ec   0x0000000a   Code   RO         2021    i.HAL_GPIO_ReadPin  stm32l0xx_hal_gpio.o
    0x080008f6   0x080008f6   0x00000010   Code   RO         2022    i.HAL_GPIO_TogglePin  stm32l0xx_hal_gpio.o
    0x08000906   0x08000906   0x0000000c   Code   RO         2023    i.HAL_GPIO_WritePin  stm32l0xx_hal_gpio.o
    0x08000912   0x08000912   0x00000002   PAD
    0x08000914   0x08000914   0x0000000c   Code   RO          828    i.HAL_GetTick       stm32l0xx_hal.o
    0x08000920   0x08000920   0x0000004a   Code   RO         1479    i.HAL_I2CEx_ConfigAnalogFilter  stm32l0xx_hal_i2c_ex.o
    0x0800096a   0x0800096a   0x00000048   Code   RO         1480    i.HAL_I2CEx_ConfigDigitalFilter  stm32l0xx_hal_i2c_ex.o
    0x080009b2   0x080009b2   0x00000002   PAD
    0x080009b4   0x080009b4   0x000000b4   Code   RO         1032    i.HAL_I2C_Init      stm32l0xx_hal_i2c.o
    0x08000a68   0x08000a68   0x00000120   Code   RO         1033    i.HAL_I2C_IsDeviceReady  stm32l0xx_hal_i2c.o
    0x08000b88   0x08000b88   0x00000110   Code   RO         1045    i.HAL_I2C_Master_Transmit  stm32l0xx_hal_i2c.o
    0x08000c98   0x08000c98   0x00000084   Code   RO          725    i.HAL_I2C_MspInit   stm32l0xx_hal_msp.o
    0x08000d1c   0x08000d1c   0x00000010   Code   RO          834    i.HAL_IncTick       stm32l0xx_hal.o
    0x08000d2c   0x08000d2c   0x00000028   Code   RO          835    i.HAL_Init          stm32l0xx_hal.o
    0x08000d54   0x08000d54   0x00000070   Code   RO          780    i.HAL_InitTick      stm32l0xx_hal_timebase_tim.o
    0x08000dc4   0x08000dc4   0x00000018   Code   RO          726    i.HAL_MspInit       stm32l0xx_hal_msp.o
    0x08000ddc   0x08000ddc   0x00000014   Code   RO         2348    i.HAL_NVIC_EnableIRQ  stm32l0xx_hal_cortex.o
    0x08000df0   0x08000df0   0x00000008   Code   RO         2352    i.HAL_NVIC_SetPriority  stm32l0xx_hal_cortex.o
    0x08000df8   0x08000df8   0x00000010   Code   RO         2178    i.HAL_PWR_EnableBkUpAccess  stm32l0xx_hal_pwr.o
    0x08000e08   0x08000e08   0x000001ac   Code   RO         1639    i.HAL_RCCEx_PeriphCLKConfig  stm32l0xx_hal_rcc_ex.o
    0x08000fb4   0x08000fb4   0x0000016c   Code   RO         1530    i.HAL_RCC_ClockConfig  stm32l0xx_hal_rcc.o
    0x08001120   0x08001120   0x00000040   Code   RO         1533    i.HAL_RCC_GetClockConfig  stm32l0xx_hal_rcc.o
    0x08001160   0x08001160   0x00000020   Code   RO         1536    i.HAL_RCC_GetPCLK1Freq  stm32l0xx_hal_rcc.o
    0x08001180   0x08001180   0x00000020   Code   RO         1537    i.HAL_RCC_GetPCLK2Freq  stm32l0xx_hal_rcc.o
    0x080011a0   0x080011a0   0x00000078   Code   RO         1538    i.HAL_RCC_GetSysClockFreq  stm32l0xx_hal_rcc.o
    0x08001218   0x08001218   0x00000496   Code   RO         1541    i.HAL_RCC_OscConfig  stm32l0xx_hal_rcc.o
    0x080016ae   0x080016ae   0x00000044   Code   RO         2460    i.HAL_RTC_GetDate   stm32l0xx_hal_rtc.o
    0x080016f2   0x080016f2   0x00000002   PAD
    0x080016f4   0x080016f4   0x0000005c   Code   RO         2462    i.HAL_RTC_GetTime   stm32l0xx_hal_rtc.o
    0x08001750   0x08001750   0x000000bc   Code   RO         2463    i.HAL_RTC_Init      stm32l0xx_hal_rtc.o
    0x0800180c   0x0800180c   0x00000020   Code   RO          728    i.HAL_RTC_MspInit   stm32l0xx_hal_msp.o
    0x0800182c   0x0800182c   0x000000c4   Code   RO         2469    i.HAL_RTC_SetDate   stm32l0xx_hal_rtc.o
    0x080018f0   0x080018f0   0x000000e8   Code   RO         2470    i.HAL_RTC_SetTime   stm32l0xx_hal_rtc.o
    0x080019d8   0x080019d8   0x00000034   Code   RO         2471    i.HAL_RTC_WaitForSynchro  stm32l0xx_hal_rtc.o
    0x08001a0c   0x08001a0c   0x00000034   Code   RO         2814    i.HAL_TIM_Base_Init  stm32l0xx_hal_tim.o
    0x08001a40   0x08001a40   0x00000002   Code   RO         2816    i.HAL_TIM_Base_MspInit  stm32l0xx_hal_tim.o
    0x08001a42   0x08001a42   0x00000020   Code   RO         2819    i.HAL_TIM_Base_Start_IT  stm32l0xx_hal_tim.o
    0x08001a62   0x08001a62   0x00000002   Code   RO         2843    i.HAL_TIM_IC_CaptureCallback  stm32l0xx_hal_tim.o
    0x08001a64   0x08001a64   0x00000126   Code   RO         2857    i.HAL_TIM_IRQHandler  stm32l0xx_hal_tim.o
    0x08001b8a   0x08001b8a   0x00000002   Code   RO         2860    i.HAL_TIM_OC_DelayElapsedCallback  stm32l0xx_hal_tim.o
    0x08001b8c   0x08001b8c   0x00000002   Code   RO         2887    i.HAL_TIM_PWM_PulseFinishedCallback  stm32l0xx_hal_tim.o
    0x08001b8e   0x08001b8e   0x00000002   PAD
    0x08001b90   0x08001b90   0x00000014   Code   RO          375    i.HAL_TIM_PeriodElapsedCallback  main.o
    0x08001ba4   0x08001ba4   0x00000002   Code   RO         2900    i.HAL_TIM_TriggerCallback  stm32l0xx_hal_tim.o
    0x08001ba6   0x08001ba6   0x0000006a   Code   RO         3533    i.HAL_UART_Init     stm32l0xx_hal_uart.o
    0x08001c10   0x08001c10   0x0000005c   Code   RO          730    i.HAL_UART_MspInit  stm32l0xx_hal_msp.o
    0x08001c6c   0x08001c6c   0x000000ce   Code   RO         3541    i.HAL_UART_Transmit  stm32l0xx_hal_uart.o
    0x08001d3a   0x08001d3a   0x00000002   Code   RO          688    i.HardFault_Handler  stm32l0xx_it.o
    0x08001d3c   0x08001d3c   0x00000022   Code   RO         1079    i.I2C_Flush_TXDR    stm32l0xx_hal_i2c.o
    0x08001d5e   0x08001d5e   0x00000002   PAD
    0x08001d60   0x08001d60   0x00000070   Code   RO         1087    i.I2C_IsAcknowledgeFailed  stm32l0xx_hal_i2c.o
    0x08001dd0   0x08001dd0   0x00000028   Code   RO         1094    i.I2C_TransferConfig  stm32l0xx_hal_i2c.o
    0x08001df8   0x08001df8   0x0000004e   Code   RO         1096    i.I2C_WaitOnFlagUntilTimeout  stm32l0xx_hal_i2c.o
    0x08001e46   0x08001e46   0x0000004c   Code   RO         1098    i.I2C_WaitOnSTOPFlagUntilTimeout  stm32l0xx_hal_i2c.o
    0x08001e92   0x08001e92   0x00000050   Code   RO         1099    i.I2C_WaitOnTXISFlagUntilTimeout  stm32l0xx_hal_i2c.o
    0x08001ee2   0x08001ee2   0x00000002   PAD
    0x08001ee4   0x08001ee4   0x00000084   Code   RO          376    i.MX_GPIO_Init      main.o
    0x08001f68   0x08001f68   0x00000040   Code   RO          377    i.MX_I2C1_Init      main.o
    0x08001fa8   0x08001fa8   0x00000040   Code   RO          378    i.MX_I2C2_Init      main.o
    0x08001fe8   0x08001fe8   0x0000006c   Code   RO          379    i.MX_RTC_Init       main.o
    0x08002054   0x08002054   0x00000030   Code   RO          380    i.MX_USART2_UART_Init  main.o
    0x08002084   0x08002084   0x00000002   Code   RO          689    i.NMI_Handler       stm32l0xx_it.o
    0x08002086   0x08002086   0x00000002   PAD
    0x08002088   0x08002088   0x00000044   Code   RO         2358    i.NVIC_SetPriority  stm32l0xx_hal_cortex.o
    0x080020cc   0x080020cc   0x000000a4   Code   RO          381    i.OLED_Handler      main.o
    0x08002170   0x08002170   0x00000010   Code   RO         2472    i.RTC_Bcd2ToByte    stm32l0xx_hal_rtc.o
    0x08002180   0x08002180   0x00000018   Code   RO         2473    i.RTC_ByteToBcd2    stm32l0xx_hal_rtc.o
    0x08002198   0x08002198   0x00000038   Code   RO         2474    i.RTC_EnterInitMode  stm32l0xx_hal_rtc.o
    0x080021d0   0x080021d0   0x0000000a   Code   RO          185    i.SSD1306_Clear     ssd1306.o
    0x080021da   0x080021da   0x00000002   PAD
    0x080021dc   0x080021dc   0x00000044   Code   RO          192    i.SSD1306_DrawPixel  ssd1306.o
    0x08002220   0x08002220   0x0000001c   Code   RO          195    i.SSD1306_Fill      ssd1306.o
    0x0800223c   0x0800223c   0x0000000c   Code   RO          196    i.SSD1306_GotoXY    ssd1306.o
    0x08002248   0x08002248   0x00000174   Code   RO          197    i.SSD1306_Init      ssd1306.o
    0x080023bc   0x080023bc   0x00000090   Code   RO          201    i.SSD1306_Putc      ssd1306.o
    0x0800244c   0x0800244c   0x00000028   Code   RO          202    i.SSD1306_Puts      ssd1306.o
    0x08002474   0x08002474   0x00000044   Code   RO          209    i.SSD1306_UpdateScreen  ssd1306.o
    0x080024b8   0x080024b8   0x00000002   Code   RO         5107    i.SVC_Handler       port.o
    0x080024ba   0x080024ba   0x00000008   Code   RO          382    i.StartDefaultTask  main.o
    0x080024c2   0x080024c2   0x00000002   PAD
    0x080024c4   0x080024c4   0x00000024   Code   RO         5108    i.SysTick_Handler   port.o
    0x080024e8   0x080024e8   0x00000098   Code   RO          383    i.SystemClock_Config  main.o
    0x08002580   0x08002580   0x00000054   Code   RO         3922    i.SystemInit        system_stm32l0xx.o
    0x080025d4   0x080025d4   0x00000010   Code   RO          690    i.TIM7_IRQHandler   stm32l0xx_it.o
    0x080025e4   0x080025e4   0x00000068   Code   RO         2902    i.TIM_Base_SetConfig  stm32l0xx_hal_tim.o
    0x0800264c   0x0800264c   0x000000ca   Code   RO         3546    i.UART_AdvFeatureConfig  stm32l0xx_hal_uart.o
    0x08002716   0x08002716   0x00000002   PAD
    0x08002718   0x08002718   0x00000060   Code   RO         3547    i.UART_CheckIdleState  stm32l0xx_hal_uart.o
    0x08002778   0x08002778   0x0000023c   Code   RO         3562    i.UART_SetConfig    stm32l0xx_hal_uart.o
    0x080029b4   0x080029b4   0x00000062   Code   RO         3565    i.UART_WaitOnFlagUntilTimeout  stm32l0xx_hal_uart.o
    0x08002a16   0x08002a16   0x00000002   PAD
    0x08002a18   0x08002a18   0x00000028   Code   RO         5423    i.__0sprintf        mc_p.l(printfa.o)
    0x08002a40   0x08002a40   0x00000024   Code   RO         5427    i.__0vsprintf       mc_p.l(printfa.o)
    0x08002a64   0x08002a64   0x0000002e   Code   RO         5489    i.__ARM_clz         mf_p.l(depilogue.o)
    0x08002a92   0x08002a92   0x0000001a   Code   RO         2164    i.__ARM_common_switch8  stm32l0xx_hal_dma.o
    0x08002aac   0x08002aac   0x0000000e   Code   RO         5493    i.__scatterload_copy  mc_p.l(handlers.o)
    0x08002aba   0x08002aba   0x00000002   Code   RO         5494    i.__scatterload_null  mc_p.l(handlers.o)
    0x08002abc   0x08002abc   0x0000000e   Code   RO         5495    i.__scatterload_zeroinit  mc_p.l(handlers.o)
    0x08002aca   0x08002aca   0x00000002   PAD
    0x08002acc   0x08002acc   0x00000174   Code   RO         5428    i._fp_digits        mc_p.l(printfa.o)
    0x08002c40   0x08002c40   0x000006ec   Code   RO         5429    i._printf_core      mc_p.l(printfa.o)
    0x0800332c   0x0800332c   0x00000020   Code   RO         5430    i._printf_post_padding  mc_p.l(printfa.o)
    0x0800334c   0x0800334c   0x0000002c   Code   RO         5431    i._printf_pre_padding  mc_p.l(printfa.o)
    0x08003378   0x08003378   0x0000000a   Code   RO         5433    i._sputc            mc_p.l(printfa.o)
    0x08003382   0x08003382   0x00000002   PAD
    0x08003384   0x08003384   0x00000148   Code   RO          384    i.clock             main.o
    0x080034cc   0x080034cc   0x0000000c   Code   RO         4703    i.inHandlerMode     cmsis_os.o
    0x080034d8   0x080034d8   0x00000038   Code   RO          385    i.ledOFF            main.o
    0x08003510   0x08003510   0x00000038   Code   RO          386    i.ledOn             main.o
    0x08003548   0x08003548   0x000000c4   Code   RO          387    i.main              main.o
    0x0800360c   0x0800360c   0x0000000c   Code   RO         4705    i.makeFreeRtosPriority  cmsis_os.o
    0x08003618   0x08003618   0x00000010   Code   RO         4707    i.osDelay           cmsis_os.o
    0x08003628   0x08003628   0x0000000a   Code   RO         4710    i.osKernelStart     cmsis_os.o
    0x08003632   0x08003632   0x00000028   Code   RO         4719    i.osMessageCreate   cmsis_os.o
    0x0800365a   0x0800365a   0x00000002   PAD
    0x0800365c   0x0800365c   0x0000008c   Code   RO         4721    i.osMessageGet      cmsis_os.o
    0x080036e8   0x080036e8   0x00000058   Code   RO         4723    i.osMessagePut      cmsis_os.o
    0x08003740   0x08003740   0x00000040   Code   RO         4736    i.osSemaphoreCreate  cmsis_os.o
    0x08003780   0x08003780   0x00000058   Code   RO         4744    i.osThreadCreate    cmsis_os.o
    0x080037d8   0x080037d8   0x00000030   Code   RO           12    i.printMsg          print.o
    0x08003808   0x08003808   0x00000058   Code   RO         4403    i.prvAddCurrentTaskToDelayedList  tasks.o
    0x08003860   0x08003860   0x000000b8   Code   RO         4404    i.prvAddNewTaskToReadyList  tasks.o
    0x08003918   0x08003918   0x00000026   Code   RO         4088    i.prvCopyDataFromQueue  queue.o
    0x0800393e   0x0800393e   0x00000070   Code   RO         4089    i.prvCopyDataToQueue  queue.o
    0x080039ae   0x080039ae   0x00000026   Code   RO         4405    i.prvDeleteTCB      tasks.o
    0x080039d4   0x080039d4   0x00000044   Code   RO         5057    i.prvHeapInit       heap_4.o
    0x08003a18   0x08003a18   0x00000048   Code   RO         4406    i.prvIdleTask       tasks.o
    0x08003a60   0x08003a60   0x0000001c   Code   RO         4091    i.prvInitialiseNewQueue  queue.o
    0x08003a7c   0x08003a7c   0x0000007c   Code   RO         4407    i.prvInitialiseNewTask  tasks.o
    0x08003af8   0x08003af8   0x0000004c   Code   RO         5058    i.prvInsertBlockIntoFreeList  heap_4.o
    0x08003b44   0x08003b44   0x0000001c   Code   RO         4092    i.prvIsQueueEmpty   queue.o
    0x08003b60   0x08003b60   0x00000020   Code   RO         4408    i.prvResetNextTaskUnblockTime  tasks.o
    0x08003b80   0x08003b80   0x00000014   Code   RO         5109    i.prvTaskExitError  port.o
    0x08003b94   0x08003b94   0x00000070   Code   RO         4093    i.prvUnlockQueue    queue.o
    0x08003c04   0x08003c04   0x000000b0   Code   RO         5059    i.pvPortMalloc      heap_4.o
    0x08003cb4   0x08003cb4   0x00000018   Code   RO         4410    i.pvTaskIncrementMutexHeldCount  tasks.o
    0x08003ccc   0x08003ccc   0x00000020   Code   RO         5110    i.pxPortInitialiseStack  port.o
    0x08003cec   0x08003cec   0x00000020   Code   RO          210    i.ssd1306_I2C_Write  ssd1306.o
    0x08003d0c   0x08003d0c   0x00000038   Code   RO          211    i.ssd1306_I2C_WriteMulti  ssd1306.o
    0x08003d44   0x08003d44   0x00000026   Code   RO         4051    i.uxListRemove      list.o
    0x08003d6a   0x08003d6a   0x00000002   PAD
    0x08003d6c   0x08003d6c   0x00000014   Code   RO          631    i.vApplicationGetIdleTaskMemory  freertos.o
    0x08003d80   0x08003d80   0x00000016   Code   RO         4052    i.vListInitialise   list.o
    0x08003d96   0x08003d96   0x00000006   Code   RO         4053    i.vListInitialiseItem  list.o
    0x08003d9c   0x08003d9c   0x00000030   Code   RO         4054    i.vListInsert       list.o
    0x08003dcc   0x08003dcc   0x00000018   Code   RO         4055    i.vListInsertEnd    list.o
    0x08003de4   0x08003de4   0x00000018   Code   RO         5112    i.vPortEnterCritical  port.o
    0x08003dfc   0x08003dfc   0x0000001c   Code   RO         5113    i.vPortExitCritical  port.o
    0x08003e18   0x08003e18   0x00000044   Code   RO         5060    i.vPortFree         heap_4.o
    0x08003e5c   0x08003e5c   0x00000018   Code   RO         5114    i.vPortYield        port.o
    0x08003e74   0x08003e74   0x00000030   Code   RO         4416    i.vTaskDelay        tasks.o
    0x08003ea4   0x08003ea4   0x00000010   Code   RO         4419    i.vTaskInternalSetTimeOutState  tasks.o
    0x08003eb4   0x08003eb4   0x0000000c   Code   RO         4420    i.vTaskMissedYield  tasks.o
    0x08003ec0   0x08003ec0   0x00000024   Code   RO         4422    i.vTaskPlaceOnEventList  tasks.o
    0x08003ee4   0x08003ee4   0x00000070   Code   RO         4424    i.vTaskPriorityDisinheritAfterTimeout  tasks.o
    0x08003f54   0x08003f54   0x00000058   Code   RO         4429    i.vTaskStartScheduler  tasks.o
    0x08003fac   0x08003fac   0x00000010   Code   RO         4431    i.vTaskSuspendAll   tasks.o
    0x08003fbc   0x08003fbc   0x00000058   Code   RO         4432    i.vTaskSwitchContext  tasks.o
    0x08004014   0x08004014   0x00000050   Code   RO         5115    i.xPortStartScheduler  port.o
    0x08004064   0x08004064   0x0000003c   Code   RO         4102    i.xQueueGenericCreate  queue.o
    0x080040a0   0x080040a0   0x00000040   Code   RO         4103    i.xQueueGenericCreateStatic  queue.o
    0x080040e0   0x080040e0   0x0000006c   Code   RO         4104    i.xQueueGenericReset  queue.o
    0x0800414c   0x0800414c   0x00000118   Code   RO         4105    i.xQueueGenericSend  queue.o
    0x08004264   0x08004264   0x0000008c   Code   RO         4106    i.xQueueGenericSendFromISR  queue.o
    0x080042f0   0x080042f0   0x00000102   Code   RO         4112    i.xQueueReceive     queue.o
    0x080043f2   0x080043f2   0x00000078   Code   RO         4113    i.xQueueReceiveFromISR  queue.o
    0x0800446a   0x0800446a   0x00000140   Code   RO         4114    i.xQueueSemaphoreTake  queue.o
    0x080045aa   0x080045aa   0x00000002   PAD
    0x080045ac   0x080045ac   0x0000005c   Code   RO         4433    i.xTaskCheckForTimeOut  tasks.o
    0x08004608   0x08004608   0x00000052   Code   RO         4434    i.xTaskCreate       tasks.o
    0x0800465a   0x0800465a   0x00000044   Code   RO         4435    i.xTaskCreateStatic  tasks.o
    0x0800469e   0x0800469e   0x00000002   PAD
    0x080046a0   0x080046a0   0x00000020   Code   RO         4439    i.xTaskGetSchedulerState  tasks.o
    0x080046c0   0x080046c0   0x000000bc   Code   RO         4442    i.xTaskIncrementTick  tasks.o
    0x0800477c   0x0800477c   0x00000068   Code   RO         4445    i.xTaskPriorityDisinherit  tasks.o
    0x080047e4   0x080047e4   0x00000078   Code   RO         4446    i.xTaskPriorityInherit  tasks.o
    0x0800485c   0x0800485c   0x00000064   Code   RO         4447    i.xTaskRemoveFromEventList  tasks.o
    0x080048c0   0x080048c0   0x000000ac   Code   RO         4448    i.xTaskResumeAll    tasks.o
    0x0800496c   0x0800496c   0x0000076c   Data   RO          149    .constdata          fonts.o
    0x080050d8   0x080050d8   0x00000d5c   Data   RO          150    .constdata          fonts.o
    0x08005e34   0x08005e34   0x0000134c   Data   RO          151    .constdata          fonts.o
    0x08007180   0x08007180   0x0000009c   Data   RO          389    .constdata          main.o
    0x0800721c   0x0800721c   0x00000019   Data   RO         3923    .constdata          system_stm32l0xx.o
    0x08007235   0x08007235   0x00000008   Data   RO         3924    .constdata          system_stm32l0xx.o
    0x0800723d   0x0800723d   0x00000003   PAD
    0x08007240   0x08007240   0x00000030   Data   RO          390    .conststring        main.o
    0x08007270   0x08007270   0x00000020   Data   RO         5491    Region$$Table       anon$$obj.o


    Execution Region RW_IRAM1 (Exec base: 0x20000000, Load base: 0x08007290, Size: 0x00001d80, Max: 0x00005000, ABSOLUTE)

    Exec Addr    Load Addr    Size         Type   Attr      Idx    E Section Name        Object

    0x20000000   0x08007290   0x00000008   Data   RW          152    .data               fonts.o
    0x20000008   0x08007298   0x00000008   Data   RW          153    .data               fonts.o
    0x20000010   0x080072a0   0x00000008   Data   RW          154    .data               fonts.o
    0x20000018   0x080072a8   0x00000006   Data   RW          213    .data               ssd1306.o
    0x2000001e   0x080072ae   0x00000002   PAD
    0x20000020   0x080072b0   0x00000024   Data   RW          391    .data               main.o
    0x20000044   0x080072d4   0x0000000c   Data   RW          846    .data               stm32l0xx_hal.o
    0x20000050   0x080072e0   0x00000004   Data   RW         3925    .data               system_stm32l0xx.o
    0x20000054   0x080072e4   0x0000003c   Data   RW         4451    .data               tasks.o
    0x20000090   0x08007320   0x00000018   Data   RW         5065    .data               heap_4.o
    0x200000a8   0x08007338   0x00000004   Data   RW         5116    .data               port.o
    0x200000ac        -       0x00000400   Zero   RW          212    .bss                ssd1306.o
    0x200004ac        -       0x00000150   Zero   RW          388    .bss                main.o
    0x200005fc        -       0x00000254   Zero   RW          632    .bss                freertos.o
    0x20000850        -       0x0000003c   Zero   RW          783    .bss                stm32l0xx_hal_timebase_tim.o
    0x2000088c        -       0x000000f0   Zero   RW         4450    .bss                tasks.o
    0x2000097c        -       0x00001000   Zero   RW         5064    .bss                heap_4.o
    0x2000197c   0x0800733c   0x00000004   PAD
    0x20001980        -       0x00000400   Zero   RW            1    STACK               startup_stm32l073xx.o


==============================================================================

Image component sizes


      Code (inc. data)   RO Data    RW Data    ZI Data      Debug   Object Name

       470         10          0          0          0      15949   cmsis_os.o
         0          0          0          0          0      12648   event_groups.o
         0          0      10260         24          0       1835   fonts.o
        20          4          0          0        596      19296   freertos.o
       388         22          0         24       4096       4155   heap_4.o
       138          0          0          0          0       3350   list.o
      1468        244        204         36        336     431659   main.o
       366         58          0          4          0       6740   port.o
        48          4          0          0          0     402087   print.o
      1668          0          0          0          0      16967   queue.o
       830         62          0          6       1024       8423   ssd1306.o
        28          8        192          0       1024        608   startup_stm32l073xx.o
        68         14          0         12          0       8446   stm32l0xx_hal.o
        96         14          0          0          0       9776   stm32l0xx_hal_cortex.o
        26          0          0          0          0         72   stm32l0xx_hal_dma.o
       426         32          0          0          0       3576   stm32l0xx_hal_gpio.o
      1160         30          0          0          0       9457   stm32l0xx_hal_i2c.o
       146          0          0          0          0       1951   stm32l0xx_hal_i2c_ex.o
       280         40          0          0          0       2637   stm32l0xx_hal_msp.o
        16          4          0          0          0        483   stm32l0xx_hal_pwr.o
      1786        104          0          0          0       6269   stm32l0xx_hal_rcc.o
       428         12          0          0          0       1580   stm32l0xx_hal_rcc_ex.o
       924         18          0          0          0       7068   stm32l0xx_hal_rtc.o
       492         14          0          0          0       6429   stm32l0xx_hal_tim.o
       112         20          0          0         60        955   stm32l0xx_hal_timebase_tim.o
      1280         84          0          0          0       6421   stm32l0xx_hal_uart.o
        20          6          0          0          0       1228   stm32l0xx_it.o
         0          0          0          0          0       8768   stream_buffer.o
        84         18         33          4          0       1283   system_stm32l0xx.o
      1936        146          0         60        240      21451   tasks.o

    ----------------------------------------------------------------------
     14734        968      10724        172       7380    1021567   Object Totals
         0          0         32          0          0          0   (incl. Generated)
        30          0          3          2          4          0   (incl. Padding)

    ----------------------------------------------------------------------

      Code (inc. data)   RO Data    RW Data    ZI Data      Debug   Library Member Name

         0          0          0          0          0          0   entry.o
         0          0          0          0          0          0   entry10a.o
         0          0          0          0          0          0   entry11a.o
         8          4          0          0          0          0   entry2.o
         4          0          0          0          0          0   entry5.o
         0          0          0          0          0          0   entry7b.o
         0          0          0          0          0          0   entry8b.o
         8          4          0          0          0          0   entry9a.o
        30          0          0          0          0          0   handlers.o
        36          8          0          0          0         68   init.o
         0          0          0          0          0          0   iusefp.o
        32          0          0          0          0         68   llshl.o
        38          0          0          0          0         68   llsshr.o
        34          0          0          0          0         68   llushr.o
        36          0          0          0          0         60   memcpya.o
        36          0          0          0          0        100   memseta.o
      2306        100          0          0          0        544   printfa.o
        14          0          0          0          0         60   strlen.o
        44          0          0          0          0         72   uidiv.o
        96          0          0          0          0         84   uldiv.o
        40          2          0          0          0         68   cdrcmple.o
       356          4          0          0          0        140   dadd.o
       240          6          0          0          0         84   ddiv.o
       236          0          0          0          0        216   depilogue.o
        64         10          0          0          0         68   dfixul.o
       208          6          0          0          0         88   dmul.o

    ----------------------------------------------------------------------
      3870        144          0          0          0       1856   Library Totals
         4          0          0          0          0          0   (incl. Padding)

    ----------------------------------------------------------------------

      Code (inc. data)   RO Data    RW Data    ZI Data      Debug   Library Name

      2722        116          0          0          0       1192   mc_p.l
      1144         28          0          0          0        664   mf_p.l

    ----------------------------------------------------------------------
      3870        144          0          0          0       1856   Library Totals

    ----------------------------------------------------------------------

==============================================================================


      Code (inc. data)   RO Data    RW Data    ZI Data      Debug   

     18604       1112      10724        172       7380    1016035   Grand Totals
     18604       1112      10724        172       7380    1016035   ELF Image Totals
     18604       1112      10724        172          0          0   ROM Totals

==============================================================================

    Total RO  Size (Code + RO Data)                29328 (  28.64kB)
    Total RW  Size (RW Data + ZI Data)              7552 (   7.38kB)
    Total ROM Size (Code + RO Data + RW Data)      29500 (  28.81kB)

==============================================================================

